Archive member included to satisfy reference by file (symbol)

d:/devkitpro/libvita/bin/../lib/gcc/arm-vita-eabi/6.2.0/../../../../arm-vita-eabi/lib\libScePower_stub.a(ScePower_ScePower_scePowerRequestColdReset.o)
                              C:\Users\clank\AppData\Local\Temp\ccsYGwQ4.o (scePowerRequestColdReset)
d:/devkitpro/libvita/bin/../lib/gcc/arm-vita-eabi/6.2.0\libgcc.a(unwind-arm.o)
                              C:\Users\clank\AppData\Local\Temp\ccsYGwQ4.o (__aeabi_unwind_cpp_pr1)
d:/devkitpro/libvita/bin/../lib/gcc/arm-vita-eabi/6.2.0\libgcc.a(libunwind.o)
                              d:/devkitpro/libvita/bin/../lib/gcc/arm-vita-eabi/6.2.0\libgcc.a(unwind-arm.o) (restore_core_regs)
d:/devkitpro/libvita/bin/../lib/gcc/arm-vita-eabi/6.2.0\libgcc.a(pr-support.o)
                              d:/devkitpro/libvita/bin/../lib/gcc/arm-vita-eabi/6.2.0\libgcc.a(unwind-arm.o) (__gnu_unwind_execute)
d:/devkitpro/libvita/bin/../lib/gcc/arm-vita-eabi/6.2.0/../../../../arm-vita-eabi/lib\libc.a(lib_a-abort.o)
                              d:/devkitpro/libvita/bin/../lib/gcc/arm-vita-eabi/6.2.0\libgcc.a(unwind-arm.o) (abort)
d:/devkitpro/libvita/bin/../lib/gcc/arm-vita-eabi/6.2.0/../../../../arm-vita-eabi/lib\libc.a(lib_a-exit.o)
                              d:/devkitpro/libvita/bin/../lib/gcc/arm-vita-eabi/6.2.0/../../../../arm-vita-eabi/lib/crt0.o (exit)
d:/devkitpro/libvita/bin/../lib/gcc/arm-vita-eabi/6.2.0/../../../../arm-vita-eabi/lib\libc.a(lib_a-impure.o)
                              d:/devkitpro/libvita/bin/../lib/gcc/arm-vita-eabi/6.2.0/../../../../arm-vita-eabi/lib\libc.a(lib_a-exit.o) (_global_impure_ptr)
d:/devkitpro/libvita/bin/../lib/gcc/arm-vita-eabi/6.2.0/../../../../arm-vita-eabi/lib\libc.a(lib_a-init.o)
                              d:/devkitpro/libvita/bin/../lib/gcc/arm-vita-eabi/6.2.0/../../../../arm-vita-eabi/lib/crt0.o (__libc_init_array)
d:/devkitpro/libvita/bin/../lib/gcc/arm-vita-eabi/6.2.0/../../../../arm-vita-eabi/lib\libc.a(lib_a-io.o)
                              d:/devkitpro/libvita/bin/../lib/gcc/arm-vita-eabi/6.2.0/../../../../arm-vita-eabi/lib/crt0.o (_init_vita_io)
d:/devkitpro/libvita/bin/../lib/gcc/arm-vita-eabi/6.2.0/../../../../arm-vita-eabi/lib\libc.a(lib_a-memcpy.o)
                              d:/devkitpro/libvita/bin/../lib/gcc/arm-vita-eabi/6.2.0\libgcc.a(unwind-arm.o) (memcpy)
d:/devkitpro/libvita/bin/../lib/gcc/arm-vita-eabi/6.2.0/../../../../arm-vita-eabi/lib\libc.a(lib_a-memset.o)
                              d:/devkitpro/libvita/bin/../lib/gcc/arm-vita-eabi/6.2.0/../../../../arm-vita-eabi/lib/crt0.o (memset)
d:/devkitpro/libvita/bin/../lib/gcc/arm-vita-eabi/6.2.0/../../../../arm-vita-eabi/lib\libc.a(lib_a-mlock.o)
                              d:/devkitpro/libvita/bin/../lib/gcc/arm-vita-eabi/6.2.0/../../../../arm-vita-eabi/lib/crt0.o (_init_vita_malloc)
d:/devkitpro/libvita/bin/../lib/gcc/arm-vita-eabi/6.2.0/../../../../arm-vita-eabi/lib\libc.a(lib_a-sbrk.o)
                              d:/devkitpro/libvita/bin/../lib/gcc/arm-vita-eabi/6.2.0/../../../../arm-vita-eabi/lib/crt0.o (_init_vita_heap)
d:/devkitpro/libvita/bin/../lib/gcc/arm-vita-eabi/6.2.0/../../../../arm-vita-eabi/lib\libc.a(lib_a-signal.o)
                              d:/devkitpro/libvita/bin/../lib/gcc/arm-vita-eabi/6.2.0/../../../../arm-vita-eabi/lib\libc.a(lib_a-abort.o) (raise)
d:/devkitpro/libvita/bin/../lib/gcc/arm-vita-eabi/6.2.0/../../../../arm-vita-eabi/lib\libc.a(lib_a-strlen-armv7.o)
                              d:/devkitpro/libvita/bin/../lib/gcc/arm-vita-eabi/6.2.0/../../../../arm-vita-eabi/lib/crt0.o (strlen)
d:/devkitpro/libvita/bin/../lib/gcc/arm-vita-eabi/6.2.0/../../../../arm-vita-eabi/lib\libc.a(lib_a-syscalls.o)
                              d:/devkitpro/libvita/bin/../lib/gcc/arm-vita-eabi/6.2.0/../../../../arm-vita-eabi/lib\libc.a(lib_a-abort.o) (_exit)
d:/devkitpro/libvita/bin/../lib/gcc/arm-vita-eabi/6.2.0/../../../../arm-vita-eabi/lib\libc.a(lib_a-threading.o)
                              d:/devkitpro/libvita/bin/../lib/gcc/arm-vita-eabi/6.2.0/../../../../arm-vita-eabi/lib\libc.a(lib_a-signal.o) (__getreent)
d:/devkitpro/libvita/bin/../lib/gcc/arm-vita-eabi/6.2.0/../../../../arm-vita-eabi/lib\libc.a(lib_a-__call_atexit.o)
                              d:/devkitpro/libvita/bin/../lib/gcc/arm-vita-eabi/6.2.0/../../../../arm-vita-eabi/lib\libc.a(lib_a-exit.o) (__call_exitprocs)
d:/devkitpro/libvita/bin/../lib/gcc/arm-vita-eabi/6.2.0/../../../../arm-vita-eabi/lib\libc.a(lib_a-fini.o)
                              d:/devkitpro/libvita/bin/../lib/gcc/arm-vita-eabi/6.2.0/../../../../arm-vita-eabi/lib\libc.a(lib_a-__call_atexit.o) (__libc_fini_array)
d:/devkitpro/libvita/bin/../lib/gcc/arm-vita-eabi/6.2.0/../../../../arm-vita-eabi/lib\libc.a(lib_a-mallocr.o)
                              d:/devkitpro/libvita/bin/../lib/gcc/arm-vita-eabi/6.2.0/../../../../arm-vita-eabi/lib\libc.a(lib_a-signal.o) (_malloc_r)
[...]
Memory Configuration

Name             Origin             Length             Attributes
*default*        0x0000000000000000 0xffffffffffffffff

Linker script and memory map

LOAD d:/devkitpro/libvita/bin/../lib/gcc/arm-vita-eabi/6.2.0/crti.o
LOAD d:/devkitpro/libvita/bin/../lib/gcc/arm-vita-eabi/6.2.0/crtbegin.o
LOAD d:/devkitpro/libvita/bin/../lib/gcc/arm-vita-eabi/6.2.0/../../../../arm-vita-eabi/lib/crt0.o
LOAD C:\Users\clank\AppData\Local\Temp\ccsYGwQ4.o
LOAD d:/devkitpro/libvita/bin/../lib/gcc/arm-vita-eabi/6.2.0/../../../../arm-vita-eabi/lib\libSceDisplay_stub.a
LOAD d:/devkitpro/libvita/bin/../lib/gcc/arm-vita-eabi/6.2.0/../../../../arm-vita-eabi/lib\libSceCtrl_stub.a
LOAD d:/devkitpro/libvita/bin/../lib/gcc/arm-vita-eabi/6.2.0/../../../../arm-vita-eabi/lib\libScePower_stub.a
LOAD d:/devkitpro/libvita/bin/../lib/gcc/arm-vita-eabi/6.2.0/../../../../arm-vita-eabi/lib\libstdc++.a
LOAD d:/devkitpro/libvita/bin/../lib/gcc/arm-vita-eabi/6.2.0/../../../../arm-vita-eabi/lib\libm.a
START GROUP
LOAD d:/devkitpro/libvita/bin/../lib/gcc/arm-vita-eabi/6.2.0\libgcc.a
LOAD d:/devkitpro/libvita/bin/../lib/gcc/arm-vita-eabi/6.2.0/../../../../arm-vita-eabi/lib\libc.a
LOAD d:/devkitpro/libvita/bin/../lib/gcc/arm-vita-eabi/6.2.0/../../../../arm-vita-eabi/lib\libSceRtc_stub.a
LOAD d:/devkitpro/libvita/bin/../lib/gcc/arm-vita-eabi/6.2.0/../../../../arm-vita-eabi/lib\libSceSysmem_stub.a
LOAD d:/devkitpro/libvita/bin/../lib/gcc/arm-vita-eabi/6.2.0/../../../../arm-vita-eabi/lib\libSceKernelThreadMgr_stub.a
LOAD d:/devkitpro/libvita/bin/../lib/gcc/arm-vita-eabi/6.2.0/../../../../arm-vita-eabi/lib\libSceKernelModulemgr_stub.a
LOAD d:/devkitpro/libvita/bin/../lib/gcc/arm-vita-eabi/6.2.0/../../../../arm-vita-eabi/lib\libSceIofilemgr_stub.a
LOAD d:/devkitpro/libvita/bin/../lib/gcc/arm-vita-eabi/6.2.0/../../../../arm-vita-eabi/lib\libSceProcessmgr_stub.a
LOAD d:/devkitpro/libvita/bin/../lib/gcc/arm-vita-eabi/6.2.0/../../../../arm-vita-eabi/lib\libSceLibKernel_stub.a
LOAD d:/devkitpro/libvita/bin/../lib/gcc/arm-vita-eabi/6.2.0/../../../../arm-vita-eabi/lib\libSceNet_stub.a
END GROUP
LOAD d:/devkitpro/libvita/bin/../lib/gcc/arm-vita-eabi/6.2.0/crtend.o
LOAD d:/devkitpro/libvita/bin/../lib/gcc/arm-vita-eabi/6.2.0/crtn.o
                [!provide]                        PROVIDE (__executable_start, 0x8000)
                0x0000000000008000                . = 0x8000

.interp
 *(.interp)

.note.gnu.build-id
 *(.note.gnu.build-id)

.hash
 *(.hash)

.gnu.hash
 *(.gnu.hash)

.dynsym
 *(.dynsym)

.dynstr
 *(.dynstr)

.gnu.version
 *(.gnu.version)

.gnu.version_d
 *(.gnu.version_d)

.gnu.version_r
 *(.gnu.version_r)

.rel.dyn        0x0000000000008000        0x0
 *(.rel.init)
 *(.rel.text .rel.text.* .rel.gnu.linkonce.t.*)
 *(.rel.fini)
 *(.rel.rodata .rel.rodata.* .rel.gnu.linkonce.r.*)
 *(.rel.data.rel.ro .rel.data.rel.ro.* .rel.gnu.linkonce.d.rel.ro.*)
 *(.rel.data .rel.data.* .rel.gnu.linkonce.d.*)
 *(.rel.tdata .rel.tdata.* .rel.gnu.linkonce.td.*)
 *(.rel.tbss .rel.tbss.* .rel.gnu.linkonce.tb.*)
 *(.rel.ctors)
 *(.rel.dtors)
 *(.rel.got)
 *(.rel.bss .rel.bss.* .rel.gnu.linkonce.b.*)
                [!provide]                        PROVIDE (__rel_iplt_start, .)
 *(.rel.iplt)
 .rel.iplt      0x0000000000008000        0x0 d:/devkitpro/libvita/bin/../lib/gcc/arm-vita-eabi/6.2.0/crtbegin.o
                [!provide]                        PROVIDE (__rel_iplt_end, .)

.rela.dyn       0x0000000000008000        0x0
 *(.rela.init)
 *(.rela.text .rela.text.* .rela.gnu.linkonce.t.*)
 *(.rela.fini)
 *(.rela.rodata .rela.rodata.* .rela.gnu.linkonce.r.*)
 *(.rela.data .rela.data.* .rela.gnu.linkonce.d.*)
 *(.rela.tdata .rela.tdata.* .rela.gnu.linkonce.td.*)
 *(.rela.tbss .rela.tbss.* .rela.gnu.linkonce.tb.*)
 *(.rela.ctors)
 *(.rela.dtors)
 *(.rela.got)
 *(.rela.bss .rela.bss.* .rela.gnu.linkonce.b.*)
                [!provide]                        PROVIDE (__rela_iplt_start, .)
 *(.rela.iplt)
                [!provide]                        PROVIDE (__rela_iplt_end, .)

.rel.plt
 *(.rel.plt)

.rela.plt
 *(.rela.plt)

.init           0x0000000000008000        0xc
 *(SORT(.init))
 .init          0x0000000000008000        0x4 d:/devkitpro/libvita/bin/../lib/gcc/arm-vita-eabi/6.2.0/crti.o
                0x0000000000008000                _init
 .init          0x0000000000008004        0x8 d:/devkitpro/libvita/bin/../lib/gcc/arm-vita-eabi/6.2.0/crtn.o

.plt
 *(.plt)

.iplt           0x000000000000800c        0x0
 *(.iplt)
 .iplt          0x000000000000800c        0x0 d:/devkitpro/libvita/bin/../lib/gcc/arm-vita-eabi/6.2.0/crtbegin.o

.text           0x0000000000008040     0x3230
 *(.text.unlikely .text.*_unlikely .text.unlikely.*)
 *(.text.exit .text.exit.*)
 .text.exit     0x0000000000008040       0x20 d:/devkitpro/libvita/bin/../lib/gcc/arm-vita-eabi/6.2.0/../../../../arm-vita-eabi/lib\libc.a(lib_a-exit.o)
                0x0000000000008040                exit
 *(.text.startup .text.startup.*)
 .text.startup.register_fini
                0x0000000000008060       0x18 d:/devkitpro/libvita/bin/../lib/gcc/arm-vita-eabi/6.2.0/../../../../arm-vita-eabi/lib\libc.a(lib_a-__call_atexit.o)
 *(.text.hot .text.hot.*)
 *(.text .stub .text.* .gnu.linkonce.t.*)
 .text          0x0000000000008078        0x0 d:/devkitpro/libvita/bin/../lib/gcc/arm-vita-eabi/6.2.0/crti.o
 .text          0x0000000000008078       0xc4 d:/devkitpro/libvita/bin/../lib/gcc/arm-vita-eabi/6.2.0/crtbegin.o
 .text          0x000000000000813c        0x0 d:/devkitpro/libvita/bin/../lib/gcc/arm-vita-eabi/6.2.0/../../../../arm-vita-eabi/lib/crt0.o
 .text._init_vita_newlib
                0x000000000000813c       0x18 d:/devkitpro/libvita/bin/../lib/gcc/arm-vita-eabi/6.2.0/../../../../arm-vita-eabi/lib/crt0.o
                0x000000000000813c                _init_vita_newlib
 .text._free_vita_newlib
                0x0000000000008154       0x18 d:/devkitpro/libvita/bin/../lib/gcc/arm-vita-eabi/6.2.0/../../../../arm-vita-eabi/lib/crt0.o
                0x0000000000008154                _free_vita_newlib
 .text._start   0x000000000000816c       0x68 d:/devkitpro/libvita/bin/../lib/gcc/arm-vita-eabi/6.2.0/../../../../arm-vita-eabi/lib/crt0.o
                0x000000000000816c                _start
 .text          0x00000000000081d4       0x54 C:\Users\clank\AppData\Local\Temp\ccsYGwQ4.o
                0x00000000000081d4                main
 .text          0x0000000000008228        0x0 d:/devkitpro/libvita/bin/../lib/gcc/arm-vita-eabi/6.2.0/../../../../arm-vita-eabi/lib\libScePower_stub.a(ScePower_ScePower_scePowerRequestColdReset.o)
 .text          0x0000000000008228      0xa94 d:/devkitpro/libvita/bin/../lib/gcc/arm-vita-eabi/6.2.0\libgcc.a(unwind-arm.o)
                0x000000000000850c                _Unwind_GetCFA
                0x0000000000008510                __gnu_Unwind_RaiseException
                0x0000000000008570                __gnu_Unwind_ForcedUnwind
                0x0000000000008584                __gnu_Unwind_Resume
                0x00000000000085c8                __gnu_Unwind_Resume_or_Rethrow
                0x00000000000085dc                _Unwind_Complete
                0x00000000000085e0                _Unwind_DeleteException
                0x00000000000085ec                _Unwind_VRS_Get
                0x0000000000008640                _Unwind_VRS_Set
                0x0000000000008698                __gnu_Unwind_Backtrace
                0x0000000000008a28                __aeabi_unwind_cpp_pr0
                0x0000000000008a2c                __aeabi_unwind_cpp_pr1
                0x0000000000008a30                __aeabi_unwind_cpp_pr2
                0x0000000000008a34                _Unwind_VRS_Pop
 .text          0x0000000000008cbc      0x1ac d:/devkitpro/libvita/bin/../lib/gcc/arm-vita-eabi/6.2.0\libgcc.a(libunwind.o)
                0x0000000000008cbc                __restore_core_regs
                0x0000000000008cbc                restore_core_regs
                0x0000000000008cd4                __gnu_Unwind_Restore_VFP
                0x0000000000008cdc                __gnu_Unwind_Save_VFP
                0x0000000000008ce4                __gnu_Unwind_Restore_VFP_D
                0x0000000000008cec                __gnu_Unwind_Save_VFP_D
                0x0000000000008cf4                __gnu_Unwind_Restore_VFP_D_16_to_31
                0x0000000000008cfc                __gnu_Unwind_Save_VFP_D_16_to_31
                0x0000000000008d04                __gnu_Unwind_Restore_WMMXD
                0x0000000000008d48                __gnu_Unwind_Save_WMMXD
                0x0000000000008d8c                __gnu_Unwind_Restore_WMMXC
                0x0000000000008da0                __gnu_Unwind_Save_WMMXC
                0x0000000000008db4                ___Unwind_RaiseException
                0x0000000000008db4                _Unwind_RaiseException
                0x0000000000008dd8                _Unwind_Resume
                0x0000000000008dd8                ___Unwind_Resume
                0x0000000000008dfc                _Unwind_Resume_or_Rethrow
                0x0000000000008dfc                ___Unwind_Resume_or_Rethrow
                0x0000000000008e20                _Unwind_ForcedUnwind
                0x0000000000008e20                ___Unwind_ForcedUnwind
                0x0000000000008e44                ___Unwind_Backtrace
                0x0000000000008e44                _Unwind_Backtrace
 .text          0x0000000000008e68      0x3ac d:/devkitpro/libvita/bin/../lib/gcc/arm-vita-eabi/6.2.0\libgcc.a(pr-support.o)
                0x0000000000008ec4                __gnu_unwind_execute
                0x00000000000091b8                __gnu_unwind_frame
                0x00000000000091e4                _Unwind_GetRegionStart
                0x00000000000091f0                _Unwind_GetLanguageSpecificData
                0x0000000000009204                _Unwind_GetTextRelBase
                0x000000000000920c                _Unwind_GetDataRelBase
 .text          0x0000000000009214        0x0 d:/devkitpro/libvita/bin/../lib/gcc/arm-vita-eabi/6.2.0/../../../../arm-vita-eabi/lib\libc.a(lib_a-abort.o)
 .text.abort    0x0000000000009214       0x10 d:/devkitpro/libvita/bin/../lib/gcc/arm-vita-eabi/6.2.0/../../../../arm-vita-eabi/lib\libc.a(lib_a-abort.o)
                0x0000000000009214                abort
 .text          0x0000000000009224        0x0 d:/devkitpro/libvita/bin/../lib/gcc/arm-vita-eabi/6.2.0/../../../../arm-vita-eabi/lib\libc.a(lib_a-exit.o)
 .text          0x0000000000009224        0x0 d:/devkitpro/libvita/bin/../lib/gcc/arm-vita-eabi/6.2.0/../../../../arm-vita-eabi/lib\libc.a(lib_a-impure.o)
 .text          0x0000000000009224        0x0 d:/devkitpro/libvita/bin/../lib/gcc/arm-vita-eabi/6.2.0/../../../../arm-vita-eabi/lib\libc.a(lib_a-init.o)
 .text.__libc_init_array
                0x0000000000009224       0x58 d:/devkitpro/libvita/bin/../lib/gcc/arm-vita-eabi/6.2.0/../../../../arm-vita-eabi/lib\libc.a(lib_a-init.o)
                0x0000000000009224                __libc_init_array
 .text          0x000000000000927c        0x0 d:/devkitpro/libvita/bin/../lib/gcc/arm-vita-eabi/6.2.0/../../../../arm-vita-eabi/lib\libc.a(lib_a-io.o)
 .text._init_vita_io
                0x000000000000927c       0xc8 d:/devkitpro/libvita/bin/../lib/gcc/arm-vita-eabi/6.2.0/../../../../arm-vita-eabi/lib\libc.a(lib_a-io.o)
                0x000000000000927c                _init_vita_io
 .text._free_vita_io
                0x0000000000009344       0x80 d:/devkitpro/libvita/bin/../lib/gcc/arm-vita-eabi/6.2.0/../../../../arm-vita-eabi/lib\libc.a(lib_a-io.o)
                0x0000000000009344                _free_vita_io
 .text.__vita_acquire_descriptor
                0x00000000000093c4       0x90 d:/devkitpro/libvita/bin/../lib/gcc/arm-vita-eabi/6.2.0/../../../../arm-vita-eabi/lib\libc.a(lib_a-io.o)
                0x00000000000093c4                __vita_acquire_descriptor
 .text.__vita_duplicate_descriptor
                0x0000000000009454       0x74 d:/devkitpro/libvita/bin/../lib/gcc/arm-vita-eabi/6.2.0/../../../../arm-vita-eabi/lib\libc.a(lib_a-io.o)
                0x0000000000009454                __vita_duplicate_descriptor
 .text.__vita_descriptor_ref_count
                0x00000000000094c8       0x30 d:/devkitpro/libvita/bin/../lib/gcc/arm-vita-eabi/6.2.0/../../../../arm-vita-eabi/lib\libc.a(lib_a-io.o)
                0x00000000000094c8                __vita_descriptor_ref_count
 .text.__vita_fd_grab
                0x00000000000094f8       0x44 d:/devkitpro/libvita/bin/../lib/gcc/arm-vita-eabi/6.2.0/../../../../arm-vita-eabi/lib\libc.a(lib_a-io.o)
                0x00000000000094f8                __vita_fd_grab
 .text.__vita_fd_drop
                0x000000000000953c       0x8c d:/devkitpro/libvita/bin/../lib/gcc/arm-vita-eabi/6.2.0/../../../../arm-vita-eabi/lib\libc.a(lib_a-io.o)
                0x000000000000953c                __vita_fd_drop
 .text.__vita_release_descriptor
                0x00000000000095c8       0x54 d:/devkitpro/libvita/bin/../lib/gcc/arm-vita-eabi/6.2.0/../../../../arm-vita-eabi/lib\libc.a(lib_a-io.o)
                0x00000000000095c8                __vita_release_descriptor
 *fill*         0x000000000000961c       0x24 
 .text          0x0000000000009640      0x4e0 d:/devkitpro/libvita/bin/../lib/gcc/arm-vita-eabi/6.2.0/../../../../arm-vita-eabi/lib\libc.a(lib_a-memcpy.o)
                0x0000000000009640                memcpy
 .text          0x0000000000009b20        0x0 d:/devkitpro/libvita/bin/../lib/gcc/arm-vita-eabi/6.2.0/../../../../arm-vita-eabi/lib\libc.a(lib_a-memset.o)
 .text.memset   0x0000000000009b20       0x9c d:/devkitpro/libvita/bin/../lib/gcc/arm-vita-eabi/6.2.0/../../../../arm-vita-eabi/lib\libc.a(lib_a-memset.o)
                0x0000000000009b20                memset
 .text          0x0000000000009bbc        0x0 d:/devkitpro/libvita/bin/../lib/gcc/arm-vita-eabi/6.2.0/../../../../arm-vita-eabi/lib\libc.a(lib_a-mlock.o)
 .text.__malloc_lock
                0x0000000000009bbc       0x10 d:/devkitpro/libvita/bin/../lib/gcc/arm-vita-eabi/6.2.0/../../../../arm-vita-eabi/lib\libc.a(lib_a-mlock.o)
                0x0000000000009bbc                __malloc_lock
 .text.__malloc_unlock
                0x0000000000009bcc       0x10 d:/devkitpro/libvita/bin/../lib/gcc/arm-vita-eabi/6.2.0/../../../../arm-vita-eabi/lib\libc.a(lib_a-mlock.o)
                0x0000000000009bcc                __malloc_unlock
 .text._init_vita_malloc
                0x0000000000009bdc       0x24 d:/devkitpro/libvita/bin/../lib/gcc/arm-vita-eabi/6.2.0/../../../../arm-vita-eabi/lib\libc.a(lib_a-mlock.o)
                0x0000000000009bdc                _init_vita_malloc
 .text._free_vita_malloc
                0x0000000000009c00        0xc d:/devkitpro/libvita/bin/../lib/gcc/arm-vita-eabi/6.2.0/../../../../arm-vita-eabi/lib\libc.a(lib_a-mlock.o)
                0x0000000000009c00                _free_vita_malloc
 .text          0x0000000000009c0c        0x0 d:/devkitpro/libvita/bin/../lib/gcc/arm-vita-eabi/6.2.0/../../../../arm-vita-eabi/lib\libc.a(lib_a-sbrk.o)
 .text._sbrk_r  0x0000000000009c0c       0x64 d:/devkitpro/libvita/bin/../lib/gcc/arm-vita-eabi/6.2.0/../../../../arm-vita-eabi/lib\libc.a(lib_a-sbrk.o)
                0x0000000000009c0c                _sbrk_r
 .text._init_vita_heap
                0x0000000000009c70       0xc4 d:/devkitpro/libvita/bin/../lib/gcc/arm-vita-eabi/6.2.0/../../../../arm-vita-eabi/lib\libc.a(lib_a-sbrk.o)
                0x0000000000009c70                _init_vita_heap
 .text._free_vita_heap
                0x0000000000009d34       0x38 d:/devkitpro/libvita/bin/../lib/gcc/arm-vita-eabi/6.2.0/../../../../arm-vita-eabi/lib\libc.a(lib_a-sbrk.o)
                0x0000000000009d34                _free_vita_heap
 .text          0x0000000000009d6c        0x0 d:/devkitpro/libvita/bin/../lib/gcc/arm-vita-eabi/6.2.0/../../../../arm-vita-eabi/lib\libc.a(lib_a-signal.o)
 .text._init_signal_r.part.0
                0x0000000000009d6c       0x28 d:/devkitpro/libvita/bin/../lib/gcc/arm-vita-eabi/6.2.0/../../../../arm-vita-eabi/lib\libc.a(lib_a-signal.o)
 .text._init_signal_r
                0x0000000000009d94       0x10 d:/devkitpro/libvita/bin/../lib/gcc/arm-vita-eabi/6.2.0/../../../../arm-vita-eabi/lib\libc.a(lib_a-signal.o)
                0x0000000000009d94                _init_signal_r
 .text._signal_r
                0x0000000000009da4       0x44 d:/devkitpro/libvita/bin/../lib/gcc/arm-vita-eabi/6.2.0/../../../../arm-vita-eabi/lib\libc.a(lib_a-signal.o)
                0x0000000000009da4                _signal_r
 .text._raise_r
                0x0000000000009de8       0x60 d:/devkitpro/libvita/bin/../lib/gcc/arm-vita-eabi/6.2.0/../../../../arm-vita-eabi/lib\libc.a(lib_a-signal.o)
                0x0000000000009de8                _raise_r
 .text.__sigtramp_r
                0x0000000000009e48       0x58 d:/devkitpro/libvita/bin/../lib/gcc/arm-vita-eabi/6.2.0/../../../../arm-vita-eabi/lib\libc.a(lib_a-signal.o)
                0x0000000000009e48                __sigtramp_r
 .text.raise    0x0000000000009ea0       0x14 d:/devkitpro/libvita/bin/../lib/gcc/arm-vita-eabi/6.2.0/../../../../arm-vita-eabi/lib\libc.a(lib_a-signal.o)
                0x0000000000009ea0                raise
 .text.signal   0x0000000000009eb4       0x18 d:/devkitpro/libvita/bin/../lib/gcc/arm-vita-eabi/6.2.0/../../../../arm-vita-eabi/lib\libc.a(lib_a-signal.o)
                0x0000000000009eb4                signal
 .text._init_signal
                0x0000000000009ecc       0x18 d:/devkitpro/libvita/bin/../lib/gcc/arm-vita-eabi/6.2.0/../../../../arm-vita-eabi/lib\libc.a(lib_a-signal.o)
                0x0000000000009ecc                _init_signal
 .text.__sigtramp
                0x0000000000009ee4       0x14 d:/devkitpro/libvita/bin/../lib/gcc/arm-vita-eabi/6.2.0/../../../../arm-vita-eabi/lib\libc.a(lib_a-signal.o)
                0x0000000000009ee4                __sigtramp
 *fill*         0x0000000000009ef8        0x8 
 .text          0x0000000000009f00       0xdc d:/devkitpro/libvita/bin/../lib/gcc/arm-vita-eabi/6.2.0/../../../../arm-vita-eabi/lib\libc.a(lib_a-strlen-armv7.o)
                0x0000000000009f00                strlen
 .text          0x0000000000009fdc        0x0 d:/devkitpro/libvita/bin/../lib/gcc/arm-vita-eabi/6.2.0/../../../../arm-vita-eabi/lib\libc.a(lib_a-syscalls.o)
 .text.scestat_to_stat
                0x0000000000009fdc       0x60 d:/devkitpro/libvita/bin/../lib/gcc/arm-vita-eabi/6.2.0/../../../../arm-vita-eabi/lib\libc.a(lib_a-syscalls.o)
 .text._write_r
                0x000000000000a03c       0x80 d:/devkitpro/libvita/bin/../lib/gcc/arm-vita-eabi/6.2.0/../../../../arm-vita-eabi/lib\libc.a(lib_a-syscalls.o)
                0x000000000000a03c                _write_r
 .text._exit    0x000000000000a0bc       0x10 d:/devkitpro/libvita/bin/../lib/gcc/arm-vita-eabi/6.2.0/../../../../arm-vita-eabi/lib\libc.a(lib_a-syscalls.o)
                0x000000000000a0bc                _exit
 .text._close_r
                0x000000000000a0cc       0x1c d:/devkitpro/libvita/bin/../lib/gcc/arm-vita-eabi/6.2.0/../../../../arm-vita-eabi/lib\libc.a(lib_a-syscalls.o)
                0x000000000000a0cc                _close_r
 .text._execve_r
                0x000000000000a0e8        0xc d:/devkitpro/libvita/bin/../lib/gcc/arm-vita-eabi/6.2.0/../../../../arm-vita-eabi/lib\libc.a(lib_a-syscalls.o)
                0x000000000000a0e8                _execve_r
 .text._fork_r  0x000000000000a0f4        0xc d:/devkitpro/libvita/bin/../lib/gcc/arm-vita-eabi/6.2.0/../../../../arm-vita-eabi/lib\libc.a(lib_a-syscalls.o)
                0x000000000000a0f4                _fork_r
 .text._getpid_r
                0x000000000000a100        0x8 d:/devkitpro/libvita/bin/../lib/gcc/arm-vita-eabi/6.2.0/../../../../arm-vita-eabi/lib\libc.a(lib_a-syscalls.o)
                0x000000000000a100                _getpid_r
 .text._gettimeofday_r
                0x000000000000a108       0x20 d:/devkitpro/libvita/bin/../lib/gcc/arm-vita-eabi/6.2.0/../../../../arm-vita-eabi/lib\libc.a(lib_a-syscalls.o)
                0x000000000000a108                _gettimeofday_r
 .text._isatty_r
                0x000000000000a128       0x2c d:/devkitpro/libvita/bin/../lib/gcc/arm-vita-eabi/6.2.0/../../../../arm-vita-eabi/lib\libc.a(lib_a-syscalls.o)
                0x000000000000a128                _isatty_r
 .text._kill_r  0x000000000000a154       0x48 d:/devkitpro/libvita/bin/../lib/gcc/arm-vita-eabi/6.2.0/../../../../arm-vita-eabi/lib\libc.a(lib_a-syscalls.o)
                0x000000000000a154                _kill_r
 .text._link_r  0x000000000000a19c        0xc d:/devkitpro/libvita/bin/../lib/gcc/arm-vita-eabi/6.2.0/../../../../arm-vita-eabi/lib\libc.a(lib_a-syscalls.o)
                0x000000000000a19c                _link_r
 .text._lseek_r
                0x000000000000a1a8       0x4c d:/devkitpro/libvita/bin/../lib/gcc/arm-vita-eabi/6.2.0/../../../../arm-vita-eabi/lib\libc.a(lib_a-syscalls.o)
                0x000000000000a1a8                _lseek_r
 .text._fcntl2sony
                0x000000000000a1f4       0x40 d:/devkitpro/libvita/bin/../lib/gcc/arm-vita-eabi/6.2.0/../../../../arm-vita-eabi/lib\libc.a(lib_a-syscalls.o)
                0x000000000000a1f4                _fcntl2sony
 .text._open_r  0x000000000000a234       0x54 d:/devkitpro/libvita/bin/../lib/gcc/arm-vita-eabi/6.2.0/../../../../arm-vita-eabi/lib\libc.a(lib_a-syscalls.o)
                0x000000000000a234                _open_r
 .text._read_r  0x000000000000a288       0x80 d:/devkitpro/libvita/bin/../lib/gcc/arm-vita-eabi/6.2.0/../../../../arm-vita-eabi/lib\libc.a(lib_a-syscalls.o)
                0x000000000000a288                _read_r
 .text._readlink_r
                0x000000000000a308        0xc d:/devkitpro/libvita/bin/../lib/gcc/arm-vita-eabi/6.2.0/../../../../arm-vita-eabi/lib\libc.a(lib_a-syscalls.o)
                0x000000000000a308                _readlink_r
 .text._unlink_r
                0x000000000000a314       0x1c d:/devkitpro/libvita/bin/../lib/gcc/arm-vita-eabi/6.2.0/../../../../arm-vita-eabi/lib\libc.a(lib_a-syscalls.o)
                0x000000000000a314                _unlink_r
 .text._rename_r
                0x000000000000a330       0x20 d:/devkitpro/libvita/bin/../lib/gcc/arm-vita-eabi/6.2.0/../../../../arm-vita-eabi/lib\libc.a(lib_a-syscalls.o)
                0x000000000000a330                _rename_r
 .text._times_r
                0x000000000000a350       0x14 d:/devkitpro/libvita/bin/../lib/gcc/arm-vita-eabi/6.2.0/../../../../arm-vita-eabi/lib\libc.a(lib_a-syscalls.o)
                0x000000000000a350                _times_r
 .text._fstat_r
                0x000000000000a364       0x6c d:/devkitpro/libvita/bin/../lib/gcc/arm-vita-eabi/6.2.0/../../../../arm-vita-eabi/lib\libc.a(lib_a-syscalls.o)
                0x000000000000a364                _fstat_r
 .text._stat_r  0x000000000000a3d0       0x3c d:/devkitpro/libvita/bin/../lib/gcc/arm-vita-eabi/6.2.0/../../../../arm-vita-eabi/lib\libc.a(lib_a-syscalls.o)
                0x000000000000a3d0                _stat_r
 .text          0x000000000000a40c        0x0 d:/devkitpro/libvita/bin/../lib/gcc/arm-vita-eabi/6.2.0/../../../../arm-vita-eabi/lib\libc.a(lib_a-threading.o)
 .text.__vita_delete_thread_reent
                0x000000000000a40c       0x3c d:/devkitpro/libvita/bin/../lib/gcc/arm-vita-eabi/6.2.0/../../../../arm-vita-eabi/lib\libc.a(lib_a-threading.o)
                0x000000000000a40c                __vita_delete_thread_reent
 .text.vitasdk_delete_thread_reent
                0x000000000000a448       0x2c d:/devkitpro/libvita/bin/../lib/gcc/arm-vita-eabi/6.2.0/../../../../arm-vita-eabi/lib\libc.a(lib_a-threading.o)
                0x000000000000a448                vitasdk_delete_thread_reent
 .text._exit_thread_common
                0x000000000000a474       0x4c d:/devkitpro/libvita/bin/../lib/gcc/arm-vita-eabi/6.2.0/../../../../arm-vita-eabi/lib\libc.a(lib_a-threading.o)
                0x000000000000a474                _exit_thread_common
 .text.vita_exit_thread
                0x000000000000a4c0        0xc d:/devkitpro/libvita/bin/../lib/gcc/arm-vita-eabi/6.2.0/../../../../arm-vita-eabi/lib\libc.a(lib_a-threading.o)
                0x000000000000a4c0                vita_exit_thread
 .text.vita_exit_delete_thread
                0x000000000000a4cc        0xc d:/devkitpro/libvita/bin/../lib/gcc/arm-vita-eabi/6.2.0/../../../../arm-vita-eabi/lib\libc.a(lib_a-threading.o)
                0x000000000000a4cc                vita_exit_delete_thread
 .text.__getreent_for_thread
                0x000000000000a4d8      0x190 d:/devkitpro/libvita/bin/../lib/gcc/arm-vita-eabi/6.2.0/../../../../arm-vita-eabi/lib\libc.a(lib_a-threading.o)
                0x000000000000a4d8                __getreent_for_thread
 .text.__getreent
                0x000000000000a668        0x8 d:/devkitpro/libvita/bin/../lib/gcc/arm-vita-eabi/6.2.0/../../../../arm-vita-eabi/lib\libc.a(lib_a-threading.o)
                0x000000000000a668                __getreent
 .text.vitasdk_get_tls_data
                0x000000000000a670        0xc d:/devkitpro/libvita/bin/../lib/gcc/arm-vita-eabi/6.2.0/../../../../arm-vita-eabi/lib\libc.a(lib_a-threading.o)
                0x000000000000a670                vitasdk_get_tls_data
 .text.vitasdk_get_pthread_data
                0x000000000000a67c        0xc d:/devkitpro/libvita/bin/../lib/gcc/arm-vita-eabi/6.2.0/../../../../arm-vita-eabi/lib\libc.a(lib_a-threading.o)
                0x000000000000a67c                vitasdk_get_pthread_data
 .text._init_vita_reent
                0x000000000000a688      0x120 d:/devkitpro/libvita/bin/../lib/gcc/arm-vita-eabi/6.2.0/../../../../arm-vita-eabi/lib\libc.a(lib_a-threading.o)
                0x000000000000a688                _init_vita_reent
 .text._free_vita_reent
                0x000000000000a7a8       0x10 d:/devkitpro/libvita/bin/../lib/gcc/arm-vita-eabi/6.2.0/../../../../arm-vita-eabi/lib\libc.a(lib_a-threading.o)
                0x000000000000a7a8                _free_vita_reent
 .text          0x000000000000a7b8        0x0 d:/devkitpro/libvita/bin/../lib/gcc/arm-vita-eabi/6.2.0/../../../../arm-vita-eabi/lib\libc.a(lib_a-__call_atexit.o)
 .text.__call_exitprocs
                0x000000000000a7b8       0xdc d:/devkitpro/libvita/bin/../lib/gcc/arm-vita-eabi/6.2.0/../../../../arm-vita-eabi/lib\libc.a(lib_a-__call_atexit.o)
                0x000000000000a7b8                __call_exitprocs
 .text          0x000000000000a894        0x0 d:/devkitpro/libvita/bin/../lib/gcc/arm-vita-eabi/6.2.0/../../../../arm-vita-eabi/lib\libc.a(lib_a-fini.o)
 .text.__libc_fini_array
                0x000000000000a894       0x2c d:/devkitpro/libvita/bin/../lib/gcc/arm-vita-eabi/6.2.0/../../../../arm-vita-eabi/lib\libc.a(lib_a-fini.o)
                0x000000000000a894                __libc_fini_array
 .text          0x000000000000a8c0        0x0 d:/devkitpro/libvita/bin/../lib/gcc/arm-vita-eabi/6.2.0/../../../../arm-vita-eabi/lib\libc.a(lib_a-mallocr.o)
 .text._malloc_r
                0x000000000000a8c0      0x598 d:/devkitpro/libvita/bin/../lib/gcc/arm-vita-eabi/6.2.0/../../../../arm-vita-eabi/lib\libc.a(lib_a-mallocr.o)
                0x000000000000a8c0                _malloc_r
 .text          0x000000000000ae58        0x0 d:/devkitpro/libvita/bin/../lib/gcc/arm-vita-eabi/6.2.0/../../../../arm-vita-eabi/lib\libc.a(lib_a-reent.o)
 .text.cleanup_glue
                0x000000000000ae58       0x1c d:/devkitpro/libvita/bin/../lib/gcc/arm-vita-eabi/6.2.0/../../../../arm-vita-eabi/lib\libc.a(lib_a-reent.o)
                0x000000000000ae58                cleanup_glue
 .text._reclaim_reent
                0x000000000000ae74       0x8c d:/devkitpro/libvita/bin/../lib/gcc/arm-vita-eabi/6.2.0/../../../../arm-vita-eabi/lib\libc.a(lib_a-reent.o)
                0x000000000000ae74                _reclaim_reent
 .text          0x000000000000af00        0x0 d:/devkitpro/libvita/bin/../lib/gcc/arm-vita-eabi/6.2.0/../../../../arm-vita-eabi/lib\libc.a(lib_a-atexit.o)
 .text.atexit   0x000000000000af00        0xc d:/devkitpro/libvita/bin/../lib/gcc/arm-vita-eabi/6.2.0/../../../../arm-vita-eabi/lib\libc.a(lib_a-atexit.o)
                0x000000000000af00                atexit
 .text          0x000000000000af0c        0x0 d:/devkitpro/libvita/bin/../lib/gcc/arm-vita-eabi/6.2.0/../../../../arm-vita-eabi/lib\libc.a(lib_a-freer.o)
 .text._malloc_trim_r
                0x000000000000af0c       0xac d:/devkitpro/libvita/bin/../lib/gcc/arm-vita-eabi/6.2.0/../../../../arm-vita-eabi/lib\libc.a(lib_a-freer.o)
                0x000000000000af0c                _malloc_trim_r
 .text._free_r  0x000000000000afb8      0x1dc d:/devkitpro/libvita/bin/../lib/gcc/arm-vita-eabi/6.2.0/../../../../arm-vita-eabi/lib\libc.a(lib_a-freer.o)
                0x000000000000afb8                _free_r
 .text          0x000000000000b194        0x0 d:/devkitpro/libvita/bin/../lib/gcc/arm-vita-eabi/6.2.0/../../../../arm-vita-eabi/lib\libc.a(lib_a-__atexit.o)
 .text.__register_exitproc
                0x000000000000b194       0xa4 d:/devkitpro/libvita/bin/../lib/gcc/arm-vita-eabi/6.2.0/../../../../arm-vita-eabi/lib\libc.a(lib_a-__atexit.o)
                0x000000000000b194                __register_exitproc
 .text          0x000000000000b238        0x0 d:/devkitpro/libvita/bin/../lib/gcc/arm-vita-eabi/6.2.0/../../../../arm-vita-eabi/lib\libSceRtc_stub.a(SceRtc_SceRtcUser_sceRtcGetTime_t.o)
 .text          0x000000000000b238        0x0 d:/devkitpro/libvita/bin/../lib/gcc/arm-vita-eabi/6.2.0/../../../../arm-vita-eabi/lib\libSceSysmem_stub.a(SceSysmem_SceSysmem_sceKernelAllocMemBlock.o)
 .text          0x000000000000b238        0x0 d:/devkitpro/libvita/bin/../lib/gcc/arm-vita-eabi/6.2.0/../../../../arm-vita-eabi/lib\libSceSysmem_stub.a(SceSysmem_SceSysmem_sceKernelFreeMemBlock.o)
 .text          0x000000000000b238        0x0 d:/devkitpro/libvita/bin/../lib/gcc/arm-vita-eabi/6.2.0/../../../../arm-vita-eabi/lib\libSceSysmem_stub.a(SceSysmem_SceSysmem_sceKernelGetMemBlockBase.o)
 .text          0x000000000000b238        0x0 d:/devkitpro/libvita/bin/../lib/gcc/arm-vita-eabi/6.2.0/../../../../arm-vita-eabi/lib\libSceKernelThreadMgr_stub.a(SceKernelThreadMgr_SceThreadmgr_sceKernelDeleteMutex.o)
 .text          0x000000000000b238        0x0 d:/devkitpro/libvita/bin/../lib/gcc/arm-vita-eabi/6.2.0/../../../../arm-vita-eabi/lib\libSceKernelThreadMgr_stub.a(SceKernelThreadMgr_SceThreadmgr_sceKernelExitDeleteThread.o)
 .text          0x000000000000b238        0x0 d:/devkitpro/libvita/bin/../lib/gcc/arm-vita-eabi/6.2.0/../../../../arm-vita-eabi/lib\libSceKernelThreadMgr_stub.a(SceKernelThreadMgr_SceThreadmgr_sceKernelGetProcessId.o)
 .text          0x000000000000b238        0x0 d:/devkitpro/libvita/bin/../lib/gcc/arm-vita-eabi/6.2.0/../../../../arm-vita-eabi/lib\libSceKernelThreadMgr_stub.a(SceKernelThreadMgr_SceThreadmgr_sceKernelUnlockMutex.o)
 .text          0x000000000000b238        0x0 d:/devkitpro/libvita/bin/../lib/gcc/arm-vita-eabi/6.2.0/../../../../arm-vita-eabi/lib\libSceKernelThreadMgr_stub.a(SceKernelThreadMgr_SceThreadmgr_sceKernelGetThreadTLSAddr.o)
 .text          0x000000000000b238        0x0 d:/devkitpro/libvita/bin/../lib/gcc/arm-vita-eabi/6.2.0/../../../../arm-vita-eabi/lib\libSceKernelThreadMgr_stub.a(SceKernelThreadMgr_SceThreadmgrCoredumpTime_sceKernelExitThread.o)
 .text          0x000000000000b238        0x0 d:/devkitpro/libvita/bin/../lib/gcc/arm-vita-eabi/6.2.0/../../../../arm-vita-eabi/lib\libSceIofilemgr_stub.a(SceIofilemgr_SceIofilemgr_sceIoClose.o)
 .text          0x000000000000b238        0x0 d:/devkitpro/libvita/bin/../lib/gcc/arm-vita-eabi/6.2.0/../../../../arm-vita-eabi/lib\libSceIofilemgr_stub.a(SceIofilemgr_SceIofilemgr_sceIoLseek32.o)
 .text          0x000000000000b238        0x0 d:/devkitpro/libvita/bin/../lib/gcc/arm-vita-eabi/6.2.0/../../../../arm-vita-eabi/lib\libSceIofilemgr_stub.a(SceIofilemgr_SceIofilemgr_sceIoRead.o)
 .text          0x000000000000b238        0x0 d:/devkitpro/libvita/bin/../lib/gcc/arm-vita-eabi/6.2.0/../../../../arm-vita-eabi/lib\libSceIofilemgr_stub.a(SceIofilemgr_SceIofilemgr_sceIoWrite.o)
 .text          0x000000000000b238        0x0 d:/devkitpro/libvita/bin/../lib/gcc/arm-vita-eabi/6.2.0/../../../../arm-vita-eabi/lib\libSceProcessmgr_stub.a(SceProcessmgr_SceProcessmgr_sceKernelLibcGettimeofday.o)
 .text          0x000000000000b238        0x0 d:/devkitpro/libvita/bin/../lib/gcc/arm-vita-eabi/6.2.0/../../../../arm-vita-eabi/lib\libSceLibKernel_stub.a(SceLibKernel_SceLibKernel_sceClibPrintf.o)
 .text          0x000000000000b238        0x0 d:/devkitpro/libvita/bin/../lib/gcc/arm-vita-eabi/6.2.0/../../../../arm-vita-eabi/lib\libSceLibKernel_stub.a(SceLibKernel_SceLibKernel_sceIoGetstat.o)
 .text          0x000000000000b238        0x0 d:/devkitpro/libvita/bin/../lib/gcc/arm-vita-eabi/6.2.0/../../../../arm-vita-eabi/lib\libSceLibKernel_stub.a(SceLibKernel_SceLibKernel_sceIoGetstatByFd.o)
 .text          0x000000000000b238        0x0 d:/devkitpro/libvita/bin/../lib/gcc/arm-vita-eabi/6.2.0/../../../../arm-vita-eabi/lib\libSceLibKernel_stub.a(SceLibKernel_SceLibKernel_sceIoOpen.o)
 .text          0x000000000000b238        0x0 d:/devkitpro/libvita/bin/../lib/gcc/arm-vita-eabi/6.2.0/../../../../arm-vita-eabi/lib\libSceLibKernel_stub.a(SceLibKernel_SceLibKernel_sceIoRemove.o)
 .text          0x000000000000b238        0x0 d:/devkitpro/libvita/bin/../lib/gcc/arm-vita-eabi/6.2.0/../../../../arm-vita-eabi/lib\libSceLibKernel_stub.a(SceLibKernel_SceLibKernel_sceIoRename.o)
 .text          0x000000000000b238        0x0 d:/devkitpro/libvita/bin/../lib/gcc/arm-vita-eabi/6.2.0/../../../../arm-vita-eabi/lib\libSceLibKernel_stub.a(SceLibKernel_SceLibKernel_sceKernelCreateLwMutex.o)
 .text          0x000000000000b238        0x0 d:/devkitpro/libvita/bin/../lib/gcc/arm-vita-eabi/6.2.0/../../../../arm-vita-eabi/lib\libSceLibKernel_stub.a(SceLibKernel_SceLibKernel_sceKernelCreateMutex.o)
 .text          0x000000000000b238        0x0 d:/devkitpro/libvita/bin/../lib/gcc/arm-vita-eabi/6.2.0/../../../../arm-vita-eabi/lib\libSceLibKernel_stub.a(SceLibKernel_SceLibKernel_sceKernelDeleteLwMutex.o)
 .text          0x000000000000b238        0x0 d:/devkitpro/libvita/bin/../lib/gcc/arm-vita-eabi/6.2.0/../../../../arm-vita-eabi/lib\libSceLibKernel_stub.a(SceLibKernel_SceLibKernel_sceKernelExitProcess.o)
 .text          0x000000000000b238        0x0 d:/devkitpro/libvita/bin/../lib/gcc/arm-vita-eabi/6.2.0/../../../../arm-vita-eabi/lib\libSceLibKernel_stub.a(SceLibKernel_SceLibKernel_sceKernelGetProcessTimeLow.o)
 .text          0x000000000000b238        0x0 d:/devkitpro/libvita/bin/../lib/gcc/arm-vita-eabi/6.2.0/../../../../arm-vita-eabi/lib\libSceLibKernel_stub.a(SceLibKernel_SceLibKernel_sceKernelGetTLSAddr.o)
 .text          0x000000000000b238        0x0 d:/devkitpro/libvita/bin/../lib/gcc/arm-vita-eabi/6.2.0/../../../../arm-vita-eabi/lib\libSceLibKernel_stub.a(SceLibKernel_SceLibKernel_sceKernelGetThreadId.o)
 .text          0x000000000000b238        0x0 d:/devkitpro/libvita/bin/../lib/gcc/arm-vita-eabi/6.2.0/../../../../arm-vita-eabi/lib\libSceLibKernel_stub.a(SceLibKernel_SceLibKernel_sceKernelGetThreadInfo.o)
 .text          0x000000000000b238        0x0 d:/devkitpro/libvita/bin/../lib/gcc/arm-vita-eabi/6.2.0/../../../../arm-vita-eabi/lib\libSceLibKernel_stub.a(SceLibKernel_SceLibKernel_sceKernelLockLwMutex.o)
 .text          0x000000000000b238        0x0 d:/devkitpro/libvita/bin/../lib/gcc/arm-vita-eabi/6.2.0/../../../../arm-vita-eabi/lib\libSceLibKernel_stub.a(SceLibKernel_SceLibKernel_sceKernelLockMutex.o)
 .text          0x000000000000b238        0x0 d:/devkitpro/libvita/bin/../lib/gcc/arm-vita-eabi/6.2.0/../../../../arm-vita-eabi/lib\libSceLibKernel_stub.a(SceLibKernel_SceLibKernel_sceKernelUnlockLwMutex.o)
 .text          0x000000000000b238        0x0 d:/devkitpro/libvita/bin/../lib/gcc/arm-vita-eabi/6.2.0/crtend.o
 .text          0x000000000000b238        0x0 d:/devkitpro/libvita/bin/../lib/gcc/arm-vita-eabi/6.2.0/crtn.o
 .text.__stub   0x000000000000b238       0x38 linker stubs
 *(.gnu.warning)
 *(.glue_7t)
 .glue_7t       0x000000000000b270        0x0 linker stubs
 *(.glue_7)
 .glue_7        0x000000000000b270        0x0 linker stubs
 *(.vfp11_veneer)
 .vfp11_veneer  0x000000000000b270        0x0 linker stubs
 *(.v4_bx)
 .v4_bx         0x000000000000b270        0x0 linker stubs

.vitalink.fstubs.ScePower
                0x000000000000b270       0x10
 .vitalink.fstubs.ScePower
                0x000000000000b270       0x10 d:/devkitpro/libvita/bin/../lib/gcc/arm-vita-eabi/6.2.0/../../../../arm-vita-eabi/lib\libScePower_stub.a(ScePower_ScePower_scePowerRequestColdReset.o)
                0x000000000000b270                scePowerRequestColdReset

.vitalink.fstubs.SceRtcUser
                0x000000000000b280       0x10
 .vitalink.fstubs.SceRtcUser
                0x000000000000b280       0x10 d:/devkitpro/libvita/bin/../lib/gcc/arm-vita-eabi/6.2.0/../../../../arm-vita-eabi/lib\libSceRtc_stub.a(SceRtc_SceRtcUser_sceRtcGetTime_t.o)
                0x000000000000b280                sceRtcGetTime_t

.vitalink.fstubs.SceSysmem
                0x000000000000b290       0x30
 .vitalink.fstubs.SceSysmem
                0x000000000000b290       0x10 d:/devkitpro/libvita/bin/../lib/gcc/arm-vita-eabi/6.2.0/../../../../arm-vita-eabi/lib\libSceSysmem_stub.a(SceSysmem_SceSysmem_sceKernelAllocMemBlock.o)
                0x000000000000b290                sceKernelAllocMemBlock
 .vitalink.fstubs.SceSysmem
                0x000000000000b2a0       0x10 d:/devkitpro/libvita/bin/../lib/gcc/arm-vita-eabi/6.2.0/../../../../arm-vita-eabi/lib\libSceSysmem_stub.a(SceSysmem_SceSysmem_sceKernelFreeMemBlock.o)
                0x000000000000b2a0                sceKernelFreeMemBlock
 .vitalink.fstubs.SceSysmem
                0x000000000000b2b0       0x10 d:/devkitpro/libvita/bin/../lib/gcc/arm-vita-eabi/6.2.0/../../../../arm-vita-eabi/lib\libSceSysmem_stub.a(SceSysmem_SceSysmem_sceKernelGetMemBlockBase.o)
                0x000000000000b2b0                sceKernelGetMemBlockBase

.vitalink.fstubs.SceThreadmgr
                0x000000000000b2c0       0x50
 .vitalink.fstubs.SceThreadmgr
                0x000000000000b2c0       0x10 d:/devkitpro/libvita/bin/../lib/gcc/arm-vita-eabi/6.2.0/../../../../arm-vita-eabi/lib\libSceKernelThreadMgr_stub.a(SceKernelThreadMgr_SceThreadmgr_sceKernelDeleteMutex.o)
                0x000000000000b2c0                sceKernelDeleteMutex
 .vitalink.fstubs.SceThreadmgr
                0x000000000000b2d0       0x10 d:/devkitpro/libvita/bin/../lib/gcc/arm-vita-eabi/6.2.0/../../../../arm-vita-eabi/lib\libSceKernelThreadMgr_stub.a(SceKernelThreadMgr_SceThreadmgr_sceKernelExitDeleteThread.o)
                0x000000000000b2d0                sceKernelExitDeleteThread
 .vitalink.fstubs.SceThreadmgr
                0x000000000000b2e0       0x10 d:/devkitpro/libvita/bin/../lib/gcc/arm-vita-eabi/6.2.0/../../../../arm-vita-eabi/lib\libSceKernelThreadMgr_stub.a(SceKernelThreadMgr_SceThreadmgr_sceKernelGetProcessId.o)
                0x000000000000b2e0                sceKernelGetProcessId
 .vitalink.fstubs.SceThreadmgr
                0x000000000000b2f0       0x10 d:/devkitpro/libvita/bin/../lib/gcc/arm-vita-eabi/6.2.0/../../../../arm-vita-eabi/lib\libSceKernelThreadMgr_stub.a(SceKernelThreadMgr_SceThreadmgr_sceKernelUnlockMutex.o)
                0x000000000000b2f0                sceKernelUnlockMutex
 .vitalink.fstubs.SceThreadmgr
                0x000000000000b300       0x10 d:/devkitpro/libvita/bin/../lib/gcc/arm-vita-eabi/6.2.0/../../../../arm-vita-eabi/lib\libSceKernelThreadMgr_stub.a(SceKernelThreadMgr_SceThreadmgr_sceKernelGetThreadTLSAddr.o)
                0x000000000000b300                sceKernelGetThreadTLSAddr

.vitalink.fstubs.SceThreadmgrCoredumpTime
                0x000000000000b310       0x10
 .vitalink.fstubs.SceThreadmgrCoredumpTime
                0x000000000000b310       0x10 d:/devkitpro/libvita/bin/../lib/gcc/arm-vita-eabi/6.2.0/../../../../arm-vita-eabi/lib\libSceKernelThreadMgr_stub.a(SceKernelThreadMgr_SceThreadmgrCoredumpTime_sceKernelExitThread.o)
                0x000000000000b310                sceKernelExitThread

.vitalink.fstubs.SceIofilemgr
                0x000000000000b320       0x40
 .vitalink.fstubs.SceIofilemgr
                0x000000000000b320       0x10 d:/devkitpro/libvita/bin/../lib/gcc/arm-vita-eabi/6.2.0/../../../../arm-vita-eabi/lib\libSceIofilemgr_stub.a(SceIofilemgr_SceIofilemgr_sceIoClose.o)
                0x000000000000b320                sceIoClose
 .vitalink.fstubs.SceIofilemgr
                0x000000000000b330       0x10 d:/devkitpro/libvita/bin/../lib/gcc/arm-vita-eabi/6.2.0/../../../../arm-vita-eabi/lib\libSceIofilemgr_stub.a(SceIofilemgr_SceIofilemgr_sceIoLseek32.o)
                0x000000000000b330                sceIoLseek32
 .vitalink.fstubs.SceIofilemgr
                0x000000000000b340       0x10 d:/devkitpro/libvita/bin/../lib/gcc/arm-vita-eabi/6.2.0/../../../../arm-vita-eabi/lib\libSceIofilemgr_stub.a(SceIofilemgr_SceIofilemgr_sceIoRead.o)
                0x000000000000b340                sceIoRead
 .vitalink.fstubs.SceIofilemgr
                0x000000000000b350       0x10 d:/devkitpro/libvita/bin/../lib/gcc/arm-vita-eabi/6.2.0/../../../../arm-vita-eabi/lib\libSceIofilemgr_stub.a(SceIofilemgr_SceIofilemgr_sceIoWrite.o)
                0x000000000000b350                sceIoWrite

.vitalink.fstubs.SceProcessmgr
                0x000000000000b360       0x10
 .vitalink.fstubs.SceProcessmgr
                0x000000000000b360       0x10 d:/devkitpro/libvita/bin/../lib/gcc/arm-vita-eabi/6.2.0/../../../../arm-vita-eabi/lib\libSceProcessmgr_stub.a(SceProcessmgr_SceProcessmgr_sceKernelLibcGettimeofday.o)
                0x000000000000b360                sceKernelLibcGettimeofday

.vitalink.fstubs.SceLibKernel
                0x000000000000b370      0x110
 .vitalink.fstubs.SceLibKernel
                0x000000000000b370       0x10 d:/devkitpro/libvita/bin/../lib/gcc/arm-vita-eabi/6.2.0/../../../../arm-vita-eabi/lib\libSceLibKernel_stub.a(SceLibKernel_SceLibKernel_sceClibPrintf.o)
                0x000000000000b370                sceClibPrintf
 .vitalink.fstubs.SceLibKernel
                0x000000000000b380       0x10 d:/devkitpro/libvita/bin/../lib/gcc/arm-vita-eabi/6.2.0/../../../../arm-vita-eabi/lib\libSceLibKernel_stub.a(SceLibKernel_SceLibKernel_sceIoGetstat.o)
                0x000000000000b380                sceIoGetstat
 .vitalink.fstubs.SceLibKernel
                0x000000000000b390       0x10 d:/devkitpro/libvita/bin/../lib/gcc/arm-vita-eabi/6.2.0/../../../../arm-vita-eabi/lib\libSceLibKernel_stub.a(SceLibKernel_SceLibKernel_sceIoGetstatByFd.o)
                0x000000000000b390                sceIoGetstatByFd
 .vitalink.fstubs.SceLibKernel
                0x000000000000b3a0       0x10 d:/devkitpro/libvita/bin/../lib/gcc/arm-vita-eabi/6.2.0/../../../../arm-vita-eabi/lib\libSceLibKernel_stub.a(SceLibKernel_SceLibKernel_sceIoOpen.o)
                0x000000000000b3a0                sceIoOpen
 .vitalink.fstubs.SceLibKernel
                0x000000000000b3b0       0x10 d:/devkitpro/libvita/bin/../lib/gcc/arm-vita-eabi/6.2.0/../../../../arm-vita-eabi/lib\libSceLibKernel_stub.a(SceLibKernel_SceLibKernel_sceIoRemove.o)
                0x000000000000b3b0                sceIoRemove
 .vitalink.fstubs.SceLibKernel
                0x000000000000b3c0       0x10 d:/devkitpro/libvita/bin/../lib/gcc/arm-vita-eabi/6.2.0/../../../../arm-vita-eabi/lib\libSceLibKernel_stub.a(SceLibKernel_SceLibKernel_sceIoRename.o)
                0x000000000000b3c0                sceIoRename
 .vitalink.fstubs.SceLibKernel
                0x000000000000b3d0       0x10 d:/devkitpro/libvita/bin/../lib/gcc/arm-vita-eabi/6.2.0/../../../../arm-vita-eabi/lib\libSceLibKernel_stub.a(SceLibKernel_SceLibKernel_sceKernelCreateLwMutex.o)
                0x000000000000b3d0                sceKernelCreateLwMutex
 .vitalink.fstubs.SceLibKernel
                0x000000000000b3e0       0x10 d:/devkitpro/libvita/bin/../lib/gcc/arm-vita-eabi/6.2.0/../../../../arm-vita-eabi/lib\libSceLibKernel_stub.a(SceLibKernel_SceLibKernel_sceKernelCreateMutex.o)
                0x000000000000b3e0                sceKernelCreateMutex
 .vitalink.fstubs.SceLibKernel
                0x000000000000b3f0       0x10 d:/devkitpro/libvita/bin/../lib/gcc/arm-vita-eabi/6.2.0/../../../../arm-vita-eabi/lib\libSceLibKernel_stub.a(SceLibKernel_SceLibKernel_sceKernelDeleteLwMutex.o)
                0x000000000000b3f0                sceKernelDeleteLwMutex
 .vitalink.fstubs.SceLibKernel
                0x000000000000b400       0x10 d:/devkitpro/libvita/bin/../lib/gcc/arm-vita-eabi/6.2.0/../../../../arm-vita-eabi/lib\libSceLibKernel_stub.a(SceLibKernel_SceLibKernel_sceKernelExitProcess.o)
                0x000000000000b400                sceKernelExitProcess
 .vitalink.fstubs.SceLibKernel
                0x000000000000b410       0x10 d:/devkitpro/libvita/bin/../lib/gcc/arm-vita-eabi/6.2.0/../../../../arm-vita-eabi/lib\libSceLibKernel_stub.a(SceLibKernel_SceLibKernel_sceKernelGetProcessTimeLow.o)
                0x000000000000b410                sceKernelGetProcessTimeLow
 .vitalink.fstubs.SceLibKernel
                0x000000000000b420       0x10 d:/devkitpro/libvita/bin/../lib/gcc/arm-vita-eabi/6.2.0/../../../../arm-vita-eabi/lib\libSceLibKernel_stub.a(SceLibKernel_SceLibKernel_sceKernelGetTLSAddr.o)
                0x000000000000b420                sceKernelGetTLSAddr
 .vitalink.fstubs.SceLibKernel
                0x000000000000b430       0x10 d:/devkitpro/libvita/bin/../lib/gcc/arm-vita-eabi/6.2.0/../../../../arm-vita-eabi/lib\libSceLibKernel_stub.a(SceLibKernel_SceLibKernel_sceKernelGetThreadId.o)
                0x000000000000b430                sceKernelGetThreadId
 .vitalink.fstubs.SceLibKernel
                0x000000000000b440       0x10 d:/devkitpro/libvita/bin/../lib/gcc/arm-vita-eabi/6.2.0/../../../../arm-vita-eabi/lib\libSceLibKernel_stub.a(SceLibKernel_SceLibKernel_sceKernelGetThreadInfo.o)
                0x000000000000b440                sceKernelGetThreadInfo
 .vitalink.fstubs.SceLibKernel
                0x000000000000b450       0x10 d:/devkitpro/libvita/bin/../lib/gcc/arm-vita-eabi/6.2.0/../../../../arm-vita-eabi/lib\libSceLibKernel_stub.a(SceLibKernel_SceLibKernel_sceKernelLockLwMutex.o)
                0x000000000000b450                sceKernelLockLwMutex
 .vitalink.fstubs.SceLibKernel
                0x000000000000b460       0x10 d:/devkitpro/libvita/bin/../lib/gcc/arm-vita-eabi/6.2.0/../../../../arm-vita-eabi/lib\libSceLibKernel_stub.a(SceLibKernel_SceLibKernel_sceKernelLockMutex.o)
                0x000000000000b460                sceKernelLockMutex
 .vitalink.fstubs.SceLibKernel
                0x000000000000b470       0x10 d:/devkitpro/libvita/bin/../lib/gcc/arm-vita-eabi/6.2.0/../../../../arm-vita-eabi/lib\libSceLibKernel_stub.a(SceLibKernel_SceLibKernel_sceKernelUnlockLwMutex.o)
                0x000000000000b470                sceKernelUnlockLwMutex

.fini           0x000000000000b480        0xc
 *(SORT(.fini))
 .fini          0x000000000000b480        0x4 d:/devkitpro/libvita/bin/../lib/gcc/arm-vita-eabi/6.2.0/crti.o
                0x000000000000b480                _fini
 .fini          0x000000000000b484        0x8 d:/devkitpro/libvita/bin/../lib/gcc/arm-vita-eabi/6.2.0/crtn.o
                [!provide]                        PROVIDE (__etext, .)
                [!provide]                        PROVIDE (_etext, .)
                [!provide]                        PROVIDE (etext, .)

.rodata         0x000000000000b48c       0xf0
 *(.rodata .rodata.* .gnu.linkonce.r.*)
 .rodata._start.str1.4
                0x000000000000b48c        0x0 d:/devkitpro/libvita/bin/../lib/gcc/arm-vita-eabi/6.2.0/../../../../arm-vita-eabi/lib/crt0.o
                                          0x1 (size before relaxing)
 .rodata        0x000000000000b48c       0x4a C:\Users\clank\AppData\Local\Temp\ccsYGwQ4.o
 *fill*         0x000000000000b4d6        0x2 
 .rodata._global_impure_ptr
                0x000000000000b4d8        0x4 d:/devkitpro/libvita/bin/../lib/gcc/arm-vita-eabi/6.2.0/../../../../arm-vita-eabi/lib\libc.a(lib_a-impure.o)
                0x000000000000b4d8                _global_impure_ptr
 .rodata.str1.4
                0x000000000000b4dc        0x2 d:/devkitpro/libvita/bin/../lib/gcc/arm-vita-eabi/6.2.0/../../../../arm-vita-eabi/lib\libc.a(lib_a-impure.o)
 *fill*         0x000000000000b4de        0x2 
 .rodata._init_vita_io.str1.4
                0x000000000000b4e0       0x22 d:/devkitpro/libvita/bin/../lib/gcc/arm-vita-eabi/6.2.0/../../../../arm-vita-eabi/lib\libc.a(lib_a-io.o)
 *fill*         0x000000000000b502        0x2 
 .rodata._init_vita_malloc.str1.4
                0x000000000000b504        0xd d:/devkitpro/libvita/bin/../lib/gcc/arm-vita-eabi/6.2.0/../../../../arm-vita-eabi/lib\libc.a(lib_a-mlock.o)
 *fill*         0x000000000000b511        0x3 
 .rodata._init_vita_heap.str1.4
                0x000000000000b514       0x18 d:/devkitpro/libvita/bin/../lib/gcc/arm-vita-eabi/6.2.0/../../../../arm-vita-eabi/lib\libc.a(lib_a-sbrk.o)
 .rodata.__getreent_for_thread.str1.4
                0x000000000000b52c       0x37 d:/devkitpro/libvita/bin/../lib/gcc/arm-vita-eabi/6.2.0/../../../../arm-vita-eabi/lib\libc.a(lib_a-threading.o)
                                         0x3b (size before relaxing)
 *fill*         0x000000000000b563        0x1 
 .rodata._init_vita_reent.str1.4
                0x000000000000b564       0x18 d:/devkitpro/libvita/bin/../lib/gcc/arm-vita-eabi/6.2.0/../../../../arm-vita-eabi/lib\libc.a(lib_a-threading.o)

.rodata1
 *(.rodata1)

.ARM.extab      0x000000000000b57c       0x24
 *(.ARM.extab* .gnu.linkonce.armextab.*)
 .ARM.extab     0x000000000000b57c        0xc C:\Users\clank\AppData\Local\Temp\ccsYGwQ4.o
 .ARM.extab     0x000000000000b588        0x0 d:/devkitpro/libvita/bin/../lib/gcc/arm-vita-eabi/6.2.0\libgcc.a(unwind-arm.o)
 .ARM.extab     0x000000000000b588       0x18 d:/devkitpro/libvita/bin/../lib/gcc/arm-vita-eabi/6.2.0\libgcc.a(pr-support.o)
                0x000000000000b5a0                PROVIDE (__exidx_start, .)

.ARM.exidx      0x000000000000b5a0       0xc0
 *(.ARM.exidx* .gnu.linkonce.armexidx.*)
 .ARM.exidx     0x000000000000b5a0        0x8 C:\Users\clank\AppData\Local\Temp\ccsYGwQ4.o
 .ARM.exidx     0x000000000000b5a8       0x80 d:/devkitpro/libvita/bin/../lib/gcc/arm-vita-eabi/6.2.0\libgcc.a(unwind-arm.o)
                                         0xd8 (size before relaxing)
 .ARM.exidx     0x000000000000b628       0x38 d:/devkitpro/libvita/bin/../lib/gcc/arm-vita-eabi/6.2.0\libgcc.a(pr-support.o)
                                         0x48 (size before relaxing)
                0x000000000000b660                PROVIDE (__exidx_end, .)

.eh_frame_hdr
 *(.eh_frame_hdr)
 *(.eh_frame_entry .eh_frame_entry.*)

.eh_frame       0x000000000000b660        0x4
 *(.eh_frame)
 .eh_frame      0x000000000000b660        0x0 d:/devkitpro/libvita/bin/../lib/gcc/arm-vita-eabi/6.2.0/crtbegin.o
 .eh_frame      0x000000000000b660        0x4 d:/devkitpro/libvita/bin/../lib/gcc/arm-vita-eabi/6.2.0/crtend.o
 *(.eh_frame.*)

.gcc_except_table
 *(.gcc_except_table .gcc_except_table.*)

.gnu_extab
 *(.gnu_extab*)

.exception_ranges
 *(.exception_ranges .exception_ranges*)
                0x000000000001b664                . = (ALIGN (0x10000) + (. & 0xffff))
                0x0000000000020000                . = ALIGN (0x10000)

.eh_frame
 *(.eh_frame)
 *(.eh_frame.*)

.gnu_extab
 *(.gnu_extab)

.gcc_except_table
 *(.gcc_except_table .gcc_except_table.*)

.exception_ranges
 *(.exception_ranges .exception_ranges*)

.tdata
 *(.tdata .tdata.* .gnu.linkonce.td.*)

.tbss
 *(.tbss .tbss.* .gnu.linkonce.tb.*)
 *(.tcommon)

.preinit_array  0x0000000000020000        0x0
                0x0000000000020000                PROVIDE (__preinit_array_start, .)
 *(.preinit_array)
                0x0000000000020000                PROVIDE (__preinit_array_end, .)

.init_array     0x0000000000020000        0x8
                0x0000000000020000                PROVIDE (__init_array_start, .)
 *(SORT(.init_array.*) SORT(.ctors.*))
 .init_array.00000
                0x0000000000020000        0x4 d:/devkitpro/libvita/bin/../lib/gcc/arm-vita-eabi/6.2.0/../../../../arm-vita-eabi/lib\libc.a(lib_a-__call_atexit.o)
 *(.init_array EXCLUDE_FILE(*crtend?.o *crtend.o *crtbegin?.o *crtbegin.o) .ctors)
 .init_array    0x0000000000020004        0x4 d:/devkitpro/libvita/bin/../lib/gcc/arm-vita-eabi/6.2.0/crtbegin.o
                0x0000000000020008                PROVIDE (__init_array_end, .)

.fini_array     0x0000000000020008        0x4
                0x0000000000020008                PROVIDE (__fini_array_start, .)
 *(SORT(.fini_array.*) SORT(.dtors.*))
 *(.fini_array EXCLUDE_FILE(*crtend?.o *crtend.o *crtbegin?.o *crtbegin.o) .dtors)
 .fini_array    0x0000000000020008        0x4 d:/devkitpro/libvita/bin/../lib/gcc/arm-vita-eabi/6.2.0/crtbegin.o
                0x000000000002000c                PROVIDE (__fini_array_end, .)

.ctors
 *crtbegin.o(.ctors)
 *crtbegin?.o(.ctors)
 *(EXCLUDE_FILE(*crtend?.o *crtend.o) .ctors)
 *(SORT(.ctors.*))
 *(.ctors)

.dtors
 *crtbegin.o(.dtors)
 *crtbegin?.o(.dtors)
 *(EXCLUDE_FILE(*crtend?.o *crtend.o) .dtors)
 *(SORT(.dtors.*))
 *(.dtors)

.jcr            0x000000000002000c        0x4
 *(.jcr)
 .jcr           0x000000000002000c        0x0 d:/devkitpro/libvita/bin/../lib/gcc/arm-vita-eabi/6.2.0/crtbegin.o
 .jcr           0x000000000002000c        0x4 d:/devkitpro/libvita/bin/../lib/gcc/arm-vita-eabi/6.2.0/crtend.o

.data.rel.ro
 *(.data.rel.ro.local* .gnu.linkonce.d.rel.ro.local.*)
 *(.data.rel.ro .data.rel.ro.* .gnu.linkonce.d.rel.ro.*)

.dynamic
 *(.dynamic)

.got            0x0000000000020010        0x0
 *(.got.plt)
 *(.igot.plt)
 .igot.plt      0x0000000000020010        0x0 d:/devkitpro/libvita/bin/../lib/gcc/arm-vita-eabi/6.2.0/crtbegin.o
 *(.got)
 *(.igot)

.data           0x0000000000020010      0x844
                0x0000000000020010                __data_start = .
 *(.data .data.* .gnu.linkonce.d.*)
 .data          0x0000000000020010        0x0 d:/devkitpro/libvita/bin/../lib/gcc/arm-vita-eabi/6.2.0/crti.o
 .data          0x0000000000020010        0x4 d:/devkitpro/libvita/bin/../lib/gcc/arm-vita-eabi/6.2.0/crtbegin.o
                0x0000000000020010                __dso_handle
 .data          0x0000000000020014        0x0 d:/devkitpro/libvita/bin/../lib/gcc/arm-vita-eabi/6.2.0/../../../../arm-vita-eabi/lib/crt0.o
 .data          0x0000000000020014        0x0 C:\Users\clank\AppData\Local\Temp\ccsYGwQ4.o
 .data          0x0000000000020014        0x0 d:/devkitpro/libvita/bin/../lib/gcc/arm-vita-eabi/6.2.0/../../../../arm-vita-eabi/lib\libScePower_stub.a(ScePower_ScePower_scePowerRequestColdReset.o)
 .data          0x0000000000020014        0x0 d:/devkitpro/libvita/bin/../lib/gcc/arm-vita-eabi/6.2.0\libgcc.a(unwind-arm.o)
 .data          0x0000000000020014        0x0 d:/devkitpro/libvita/bin/../lib/gcc/arm-vita-eabi/6.2.0\libgcc.a(libunwind.o)
 .data          0x0000000000020014        0x0 d:/devkitpro/libvita/bin/../lib/gcc/arm-vita-eabi/6.2.0\libgcc.a(pr-support.o)
 .data          0x0000000000020014        0x0 d:/devkitpro/libvita/bin/../lib/gcc/arm-vita-eabi/6.2.0/../../../../arm-vita-eabi/lib\libc.a(lib_a-abort.o)
 .data          0x0000000000020014        0x0 d:/devkitpro/libvita/bin/../lib/gcc/arm-vita-eabi/6.2.0/../../../../arm-vita-eabi/lib\libc.a(lib_a-exit.o)
 .data          0x0000000000020014        0x0 d:/devkitpro/libvita/bin/../lib/gcc/arm-vita-eabi/6.2.0/../../../../arm-vita-eabi/lib\libc.a(lib_a-impure.o)
 .data._impure_ptr
                0x0000000000020014        0x4 d:/devkitpro/libvita/bin/../lib/gcc/arm-vita-eabi/6.2.0/../../../../arm-vita-eabi/lib\libc.a(lib_a-impure.o)
                0x0000000000020014                _impure_ptr
 .data.impure_data
                0x0000000000020018      0x428 d:/devkitpro/libvita/bin/../lib/gcc/arm-vita-eabi/6.2.0/../../../../arm-vita-eabi/lib\libc.a(lib_a-impure.o)
 .data          0x0000000000020440        0x0 d:/devkitpro/libvita/bin/../lib/gcc/arm-vita-eabi/6.2.0/../../../../arm-vita-eabi/lib\libc.a(lib_a-init.o)
 .data          0x0000000000020440        0x0 d:/devkitpro/libvita/bin/../lib/gcc/arm-vita-eabi/6.2.0/../../../../arm-vita-eabi/lib\libc.a(lib_a-io.o)
 .data          0x0000000000020440        0x0 d:/devkitpro/libvita/bin/../lib/gcc/arm-vita-eabi/6.2.0/../../../../arm-vita-eabi/lib\libc.a(lib_a-memcpy.o)
 .data          0x0000000000020440        0x0 d:/devkitpro/libvita/bin/../lib/gcc/arm-vita-eabi/6.2.0/../../../../arm-vita-eabi/lib\libc.a(lib_a-memset.o)
 .data          0x0000000000020440        0x0 d:/devkitpro/libvita/bin/../lib/gcc/arm-vita-eabi/6.2.0/../../../../arm-vita-eabi/lib\libc.a(lib_a-mlock.o)
 .data          0x0000000000020440        0x0 d:/devkitpro/libvita/bin/../lib/gcc/arm-vita-eabi/6.2.0/../../../../arm-vita-eabi/lib\libc.a(lib_a-sbrk.o)
 .data          0x0000000000020440        0x0 d:/devkitpro/libvita/bin/../lib/gcc/arm-vita-eabi/6.2.0/../../../../arm-vita-eabi/lib\libc.a(lib_a-signal.o)
 .data          0x0000000000020440        0x0 d:/devkitpro/libvita/bin/../lib/gcc/arm-vita-eabi/6.2.0/../../../../arm-vita-eabi/lib\libc.a(lib_a-strlen-armv7.o)
 .data          0x0000000000020440        0x0 d:/devkitpro/libvita/bin/../lib/gcc/arm-vita-eabi/6.2.0/../../../../arm-vita-eabi/lib\libc.a(lib_a-syscalls.o)
 .data.environ  0x0000000000020440        0x4 d:/devkitpro/libvita/bin/../lib/gcc/arm-vita-eabi/6.2.0/../../../../arm-vita-eabi/lib\libc.a(lib_a-syscalls.o)
                0x0000000000020440                environ
 .data          0x0000000000020444        0x0 d:/devkitpro/libvita/bin/../lib/gcc/arm-vita-eabi/6.2.0/../../../../arm-vita-eabi/lib\libc.a(lib_a-threading.o)
 .data          0x0000000000020444        0x0 d:/devkitpro/libvita/bin/../lib/gcc/arm-vita-eabi/6.2.0/../../../../arm-vita-eabi/lib\libc.a(lib_a-__call_atexit.o)
 .data          0x0000000000020444        0x0 d:/devkitpro/libvita/bin/../lib/gcc/arm-vita-eabi/6.2.0/../../../../arm-vita-eabi/lib\libc.a(lib_a-fini.o)
 .data          0x0000000000020444        0x0 d:/devkitpro/libvita/bin/../lib/gcc/arm-vita-eabi/6.2.0/../../../../arm-vita-eabi/lib\libc.a(lib_a-mallocr.o)
 .data.__malloc_av_
                0x0000000000020444      0x408 d:/devkitpro/libvita/bin/../lib/gcc/arm-vita-eabi/6.2.0/../../../../arm-vita-eabi/lib\libc.a(lib_a-mallocr.o)
                0x0000000000020444                __malloc_av_
 .data.__malloc_sbrk_base
                0x000000000002084c        0x4 d:/devkitpro/libvita/bin/../lib/gcc/arm-vita-eabi/6.2.0/../../../../arm-vita-eabi/lib\libc.a(lib_a-mallocr.o)
                0x000000000002084c                __malloc_sbrk_base
 .data.__malloc_trim_threshold
                0x0000000000020850        0x4 d:/devkitpro/libvita/bin/../lib/gcc/arm-vita-eabi/6.2.0/../../../../arm-vita-eabi/lib\libc.a(lib_a-mallocr.o)
                0x0000000000020850                __malloc_trim_threshold
 .data          0x0000000000020854        0x0 d:/devkitpro/libvita/bin/../lib/gcc/arm-vita-eabi/6.2.0/../../../../arm-vita-eabi/lib\libc.a(lib_a-reent.o)
 .data          0x0000000000020854        0x0 d:/devkitpro/libvita/bin/../lib/gcc/arm-vita-eabi/6.2.0/../../../../arm-vita-eabi/lib\libc.a(lib_a-atexit.o)
 .data          0x0000000000020854        0x0 d:/devkitpro/libvita/bin/../lib/gcc/arm-vita-eabi/6.2.0/../../../../arm-vita-eabi/lib\libc.a(lib_a-freer.o)
 .data          0x0000000000020854        0x0 d:/devkitpro/libvita/bin/../lib/gcc/arm-vita-eabi/6.2.0/../../../../arm-vita-eabi/lib\libc.a(lib_a-__atexit.o)
 .data          0x0000000000020854        0x0 d:/devkitpro/libvita/bin/../lib/gcc/arm-vita-eabi/6.2.0/../../../../arm-vita-eabi/lib\libSceRtc_stub.a(SceRtc_SceRtcUser_sceRtcGetTime_t.o)
 .data          0x0000000000020854        0x0 d:/devkitpro/libvita/bin/../lib/gcc/arm-vita-eabi/6.2.0/../../../../arm-vita-eabi/lib\libSceSysmem_stub.a(SceSysmem_SceSysmem_sceKernelAllocMemBlock.o)
 .data          0x0000000000020854        0x0 d:/devkitpro/libvita/bin/../lib/gcc/arm-vita-eabi/6.2.0/../../../../arm-vita-eabi/lib\libSceSysmem_stub.a(SceSysmem_SceSysmem_sceKernelFreeMemBlock.o)
 .data          0x0000000000020854        0x0 d:/devkitpro/libvita/bin/../lib/gcc/arm-vita-eabi/6.2.0/../../../../arm-vita-eabi/lib\libSceSysmem_stub.a(SceSysmem_SceSysmem_sceKernelGetMemBlockBase.o)
 .data          0x0000000000020854        0x0 d:/devkitpro/libvita/bin/../lib/gcc/arm-vita-eabi/6.2.0/../../../../arm-vita-eabi/lib\libSceKernelThreadMgr_stub.a(SceKernelThreadMgr_SceThreadmgr_sceKernelDeleteMutex.o)
 .data          0x0000000000020854        0x0 d:/devkitpro/libvita/bin/../lib/gcc/arm-vita-eabi/6.2.0/../../../../arm-vita-eabi/lib\libSceKernelThreadMgr_stub.a(SceKernelThreadMgr_SceThreadmgr_sceKernelExitDeleteThread.o)
 .data          0x0000000000020854        0x0 d:/devkitpro/libvita/bin/../lib/gcc/arm-vita-eabi/6.2.0/../../../../arm-vita-eabi/lib\libSceKernelThreadMgr_stub.a(SceKernelThreadMgr_SceThreadmgr_sceKernelGetProcessId.o)
 .data          0x0000000000020854        0x0 d:/devkitpro/libvita/bin/../lib/gcc/arm-vita-eabi/6.2.0/../../../../arm-vita-eabi/lib\libSceKernelThreadMgr_stub.a(SceKernelThreadMgr_SceThreadmgr_sceKernelUnlockMutex.o)
 .data          0x0000000000020854        0x0 d:/devkitpro/libvita/bin/../lib/gcc/arm-vita-eabi/6.2.0/../../../../arm-vita-eabi/lib\libSceKernelThreadMgr_stub.a(SceKernelThreadMgr_SceThreadmgr_sceKernelGetThreadTLSAddr.o)
 .data          0x0000000000020854        0x0 d:/devkitpro/libvita/bin/../lib/gcc/arm-vita-eabi/6.2.0/../../../../arm-vita-eabi/lib\libSceKernelThreadMgr_stub.a(SceKernelThreadMgr_SceThreadmgrCoredumpTime_sceKernelExitThread.o)
 .data          0x0000000000020854        0x0 d:/devkitpro/libvita/bin/../lib/gcc/arm-vita-eabi/6.2.0/../../../../arm-vita-eabi/lib\libSceIofilemgr_stub.a(SceIofilemgr_SceIofilemgr_sceIoClose.o)
 .data          0x0000000000020854        0x0 d:/devkitpro/libvita/bin/../lib/gcc/arm-vita-eabi/6.2.0/../../../../arm-vita-eabi/lib\libSceIofilemgr_stub.a(SceIofilemgr_SceIofilemgr_sceIoLseek32.o)
 .data          0x0000000000020854        0x0 d:/devkitpro/libvita/bin/../lib/gcc/arm-vita-eabi/6.2.0/../../../../arm-vita-eabi/lib\libSceIofilemgr_stub.a(SceIofilemgr_SceIofilemgr_sceIoRead.o)
 .data          0x0000000000020854        0x0 d:/devkitpro/libvita/bin/../lib/gcc/arm-vita-eabi/6.2.0/../../../../arm-vita-eabi/lib\libSceIofilemgr_stub.a(SceIofilemgr_SceIofilemgr_sceIoWrite.o)
 .data          0x0000000000020854        0x0 d:/devkitpro/libvita/bin/../lib/gcc/arm-vita-eabi/6.2.0/../../../../arm-vita-eabi/lib\libSceProcessmgr_stub.a(SceProcessmgr_SceProcessmgr_sceKernelLibcGettimeofday.o)
 .data          0x0000000000020854        0x0 d:/devkitpro/libvita/bin/../lib/gcc/arm-vita-eabi/6.2.0/../../../../arm-vita-eabi/lib\libSceLibKernel_stub.a(SceLibKernel_SceLibKernel_sceClibPrintf.o)
 .data          0x0000000000020854        0x0 d:/devkitpro/libvita/bin/../lib/gcc/arm-vita-eabi/6.2.0/../../../../arm-vita-eabi/lib\libSceLibKernel_stub.a(SceLibKernel_SceLibKernel_sceIoGetstat.o)
 .data          0x0000000000020854        0x0 d:/devkitpro/libvita/bin/../lib/gcc/arm-vita-eabi/6.2.0/../../../../arm-vita-eabi/lib\libSceLibKernel_stub.a(SceLibKernel_SceLibKernel_sceIoGetstatByFd.o)
 .data          0x0000000000020854        0x0 d:/devkitpro/libvita/bin/../lib/gcc/arm-vita-eabi/6.2.0/../../../../arm-vita-eabi/lib\libSceLibKernel_stub.a(SceLibKernel_SceLibKernel_sceIoOpen.o)
 .data          0x0000000000020854        0x0 d:/devkitpro/libvita/bin/../lib/gcc/arm-vita-eabi/6.2.0/../../../../arm-vita-eabi/lib\libSceLibKernel_stub.a(SceLibKernel_SceLibKernel_sceIoRemove.o)
 .data          0x0000000000020854        0x0 d:/devkitpro/libvita/bin/../lib/gcc/arm-vita-eabi/6.2.0/../../../../arm-vita-eabi/lib\libSceLibKernel_stub.a(SceLibKernel_SceLibKernel_sceIoRename.o)
 .data          0x0000000000020854        0x0 d:/devkitpro/libvita/bin/../lib/gcc/arm-vita-eabi/6.2.0/../../../../arm-vita-eabi/lib\libSceLibKernel_stub.a(SceLibKernel_SceLibKernel_sceKernelCreateLwMutex.o)
 .data          0x0000000000020854        0x0 d:/devkitpro/libvita/bin/../lib/gcc/arm-vita-eabi/6.2.0/../../../../arm-vita-eabi/lib\libSceLibKernel_stub.a(SceLibKernel_SceLibKernel_sceKernelCreateMutex.o)
 .data          0x0000000000020854        0x0 d:/devkitpro/libvita/bin/../lib/gcc/arm-vita-eabi/6.2.0/../../../../arm-vita-eabi/lib\libSceLibKernel_stub.a(SceLibKernel_SceLibKernel_sceKernelDeleteLwMutex.o)
 .data          0x0000000000020854        0x0 d:/devkitpro/libvita/bin/../lib/gcc/arm-vita-eabi/6.2.0/../../../../arm-vita-eabi/lib\libSceLibKernel_stub.a(SceLibKernel_SceLibKernel_sceKernelExitProcess.o)
 .data          0x0000000000020854        0x0 d:/devkitpro/libvita/bin/../lib/gcc/arm-vita-eabi/6.2.0/../../../../arm-vita-eabi/lib\libSceLibKernel_stub.a(SceLibKernel_SceLibKernel_sceKernelGetProcessTimeLow.o)
 .data          0x0000000000020854        0x0 d:/devkitpro/libvita/bin/../lib/gcc/arm-vita-eabi/6.2.0/../../../../arm-vita-eabi/lib\libSceLibKernel_stub.a(SceLibKernel_SceLibKernel_sceKernelGetTLSAddr.o)
 .data          0x0000000000020854        0x0 d:/devkitpro/libvita/bin/../lib/gcc/arm-vita-eabi/6.2.0/../../../../arm-vita-eabi/lib\libSceLibKernel_stub.a(SceLibKernel_SceLibKernel_sceKernelGetThreadId.o)
 .data          0x0000000000020854        0x0 d:/devkitpro/libvita/bin/../lib/gcc/arm-vita-eabi/6.2.0/../../../../arm-vita-eabi/lib\libSceLibKernel_stub.a(SceLibKernel_SceLibKernel_sceKernelGetThreadInfo.o)
 .data          0x0000000000020854        0x0 d:/devkitpro/libvita/bin/../lib/gcc/arm-vita-eabi/6.2.0/../../../../arm-vita-eabi/lib\libSceLibKernel_stub.a(SceLibKernel_SceLibKernel_sceKernelLockLwMutex.o)
 .data          0x0000000000020854        0x0 d:/devkitpro/libvita/bin/../lib/gcc/arm-vita-eabi/6.2.0/../../../../arm-vita-eabi/lib\libSceLibKernel_stub.a(SceLibKernel_SceLibKernel_sceKernelLockMutex.o)
 .data          0x0000000000020854        0x0 d:/devkitpro/libvita/bin/../lib/gcc/arm-vita-eabi/6.2.0/../../../../arm-vita-eabi/lib\libSceLibKernel_stub.a(SceLibKernel_SceLibKernel_sceKernelUnlockLwMutex.o)
 .data          0x0000000000020854        0x0 d:/devkitpro/libvita/bin/../lib/gcc/arm-vita-eabi/6.2.0/crtend.o
 .data          0x0000000000020854        0x0 d:/devkitpro/libvita/bin/../lib/gcc/arm-vita-eabi/6.2.0/crtn.o

.tm_clone_table
                0x0000000000020854        0x0
 .tm_clone_table
                0x0000000000020854        0x0 d:/devkitpro/libvita/bin/../lib/gcc/arm-vita-eabi/6.2.0/crtbegin.o
 .tm_clone_table
                0x0000000000020854        0x0 d:/devkitpro/libvita/bin/../lib/gcc/arm-vita-eabi/6.2.0/crtend.o
                0x0000000000020854                __TMC_END__

.data1
 *(.data1)
                0x0000000000020854                _edata = .
                [!provide]                        PROVIDE (edata, .)
                0x0000000000020854                . = .
                0x0000000000020854                __bss_start = .
                0x0000000000020854                __bss_start__ = .

.bss            0x0000000000020858    0x44d08
 *(.dynbss)
 *(.bss .bss.* .gnu.linkonce.b.*)
 .bss           0x0000000000020858        0x0 d:/devkitpro/libvita/bin/../lib/gcc/arm-vita-eabi/6.2.0/crti.o
 .bss           0x0000000000020858       0x1c d:/devkitpro/libvita/bin/../lib/gcc/arm-vita-eabi/6.2.0/crtbegin.o
 .bss           0x0000000000020874        0x0 d:/devkitpro/libvita/bin/../lib/gcc/arm-vita-eabi/6.2.0/../../../../arm-vita-eabi/lib/crt0.o
 .bss           0x0000000000020874        0x0 C:\Users\clank\AppData\Local\Temp\ccsYGwQ4.o
 .bss           0x0000000000020874        0x0 d:/devkitpro/libvita/bin/../lib/gcc/arm-vita-eabi/6.2.0/../../../../arm-vita-eabi/lib\libScePower_stub.a(ScePower_ScePower_scePowerRequestColdReset.o)
 .bss           0x0000000000020874        0x0 d:/devkitpro/libvita/bin/../lib/gcc/arm-vita-eabi/6.2.0\libgcc.a(unwind-arm.o)
 .bss           0x0000000000020874        0x0 d:/devkitpro/libvita/bin/../lib/gcc/arm-vita-eabi/6.2.0\libgcc.a(libunwind.o)
 .bss           0x0000000000020874        0x0 d:/devkitpro/libvita/bin/../lib/gcc/arm-vita-eabi/6.2.0\libgcc.a(pr-support.o)
 .bss           0x0000000000020874        0x0 d:/devkitpro/libvita/bin/../lib/gcc/arm-vita-eabi/6.2.0/../../../../arm-vita-eabi/lib\libc.a(lib_a-abort.o)
 .bss           0x0000000000020874        0x0 d:/devkitpro/libvita/bin/../lib/gcc/arm-vita-eabi/6.2.0/../../../../arm-vita-eabi/lib\libc.a(lib_a-exit.o)
 .bss           0x0000000000020874        0x0 d:/devkitpro/libvita/bin/../lib/gcc/arm-vita-eabi/6.2.0/../../../../arm-vita-eabi/lib\libc.a(lib_a-impure.o)
 .bss           0x0000000000020874        0x0 d:/devkitpro/libvita/bin/../lib/gcc/arm-vita-eabi/6.2.0/../../../../arm-vita-eabi/lib\libc.a(lib_a-init.o)
 .bss           0x0000000000020874        0x0 d:/devkitpro/libvita/bin/../lib/gcc/arm-vita-eabi/6.2.0/../../../../arm-vita-eabi/lib\libc.a(lib_a-io.o)
 .bss           0x0000000000020874        0x0 d:/devkitpro/libvita/bin/../lib/gcc/arm-vita-eabi/6.2.0/../../../../arm-vita-eabi/lib\libc.a(lib_a-memcpy.o)
 .bss           0x0000000000020874        0x0 d:/devkitpro/libvita/bin/../lib/gcc/arm-vita-eabi/6.2.0/../../../../arm-vita-eabi/lib\libc.a(lib_a-memset.o)
 .bss           0x0000000000020874        0x0 d:/devkitpro/libvita/bin/../lib/gcc/arm-vita-eabi/6.2.0/../../../../arm-vita-eabi/lib\libc.a(lib_a-mlock.o)
 *fill*         0x0000000000020874        0x4 
 .bss._newlib_malloc_mutex
                0x0000000000020878       0x20 d:/devkitpro/libvita/bin/../lib/gcc/arm-vita-eabi/6.2.0/../../../../arm-vita-eabi/lib\libc.a(lib_a-mlock.o)
 .bss           0x0000000000020898        0x0 d:/devkitpro/libvita/bin/../lib/gcc/arm-vita-eabi/6.2.0/../../../../arm-vita-eabi/lib\libc.a(lib_a-sbrk.o)
 .bss._newlib_heap_base
                0x0000000000020898        0x4 d:/devkitpro/libvita/bin/../lib/gcc/arm-vita-eabi/6.2.0/../../../../arm-vita-eabi/lib\libc.a(lib_a-sbrk.o)
 .bss._newlib_heap_cur
                0x000000000002089c        0x4 d:/devkitpro/libvita/bin/../lib/gcc/arm-vita-eabi/6.2.0/../../../../arm-vita-eabi/lib\libc.a(lib_a-sbrk.o)
 .bss._newlib_heap_end
                0x00000000000208a0        0x4 d:/devkitpro/libvita/bin/../lib/gcc/arm-vita-eabi/6.2.0/../../../../arm-vita-eabi/lib\libc.a(lib_a-sbrk.o)
 .bss._newlib_heap_memblock
                0x00000000000208a4        0x4 d:/devkitpro/libvita/bin/../lib/gcc/arm-vita-eabi/6.2.0/../../../../arm-vita-eabi/lib\libc.a(lib_a-sbrk.o)
 .bss._newlib_heap_size
                0x00000000000208a8        0x4 d:/devkitpro/libvita/bin/../lib/gcc/arm-vita-eabi/6.2.0/../../../../arm-vita-eabi/lib\libc.a(lib_a-sbrk.o)
 *fill*         0x00000000000208ac        0x4 
 .bss._newlib_sbrk_mutex
                0x00000000000208b0       0x20 d:/devkitpro/libvita/bin/../lib/gcc/arm-vita-eabi/6.2.0/../../../../arm-vita-eabi/lib\libc.a(lib_a-sbrk.o)
 .bss           0x00000000000208d0        0x0 d:/devkitpro/libvita/bin/../lib/gcc/arm-vita-eabi/6.2.0/../../../../arm-vita-eabi/lib\libc.a(lib_a-signal.o)
 .bss           0x00000000000208d0        0x0 d:/devkitpro/libvita/bin/../lib/gcc/arm-vita-eabi/6.2.0/../../../../arm-vita-eabi/lib\libc.a(lib_a-strlen-armv7.o)
 .bss           0x00000000000208d0        0x0 d:/devkitpro/libvita/bin/../lib/gcc/arm-vita-eabi/6.2.0/../../../../arm-vita-eabi/lib\libc.a(lib_a-syscalls.o)
 .bss.__env     0x00000000000208d0        0x4 d:/devkitpro/libvita/bin/../lib/gcc/arm-vita-eabi/6.2.0/../../../../arm-vita-eabi/lib\libc.a(lib_a-syscalls.o)
                0x00000000000208d0                __env
 .bss           0x00000000000208d4        0x0 d:/devkitpro/libvita/bin/../lib/gcc/arm-vita-eabi/6.2.0/../../../../arm-vita-eabi/lib\libc.a(lib_a-threading.o)
 *fill*         0x00000000000208d4        0x4 
 .bss._newlib_global_reent
                0x00000000000208d8      0x428 d:/devkitpro/libvita/bin/../lib/gcc/arm-vita-eabi/6.2.0/../../../../arm-vita-eabi/lib\libc.a(lib_a-threading.o)
 .bss._newlib_reent_mutex
                0x0000000000020d00        0x4 d:/devkitpro/libvita/bin/../lib/gcc/arm-vita-eabi/6.2.0/../../../../arm-vita-eabi/lib\libc.a(lib_a-threading.o)
 *fill*         0x0000000000020d04        0x4 
 .bss.reent_list
                0x0000000000020d08    0x43800 d:/devkitpro/libvita/bin/../lib/gcc/arm-vita-eabi/6.2.0/../../../../arm-vita-eabi/lib\libc.a(lib_a-threading.o)
 .bss           0x0000000000064508        0x0 d:/devkitpro/libvita/bin/../lib/gcc/arm-vita-eabi/6.2.0/../../../../arm-vita-eabi/lib\libc.a(lib_a-__call_atexit.o)
 .bss           0x0000000000064508        0x0 d:/devkitpro/libvita/bin/../lib/gcc/arm-vita-eabi/6.2.0/../../../../arm-vita-eabi/lib\libc.a(lib_a-fini.o)
 .bss           0x0000000000064508        0x0 d:/devkitpro/libvita/bin/../lib/gcc/arm-vita-eabi/6.2.0/../../../../arm-vita-eabi/lib\libc.a(lib_a-mallocr.o)
 .bss.__malloc_current_mallinfo
                0x0000000000064508       0x28 d:/devkitpro/libvita/bin/../lib/gcc/arm-vita-eabi/6.2.0/../../../../arm-vita-eabi/lib\libc.a(lib_a-mallocr.o)
                0x0000000000064508                __malloc_current_mallinfo
 .bss.__malloc_max_sbrked_mem
                0x0000000000064530        0x4 d:/devkitpro/libvita/bin/../lib/gcc/arm-vita-eabi/6.2.0/../../../../arm-vita-eabi/lib\libc.a(lib_a-mallocr.o)
                0x0000000000064530                __malloc_max_sbrked_mem
 .bss.__malloc_max_total_mem
                0x0000000000064534        0x4 d:/devkitpro/libvita/bin/../lib/gcc/arm-vita-eabi/6.2.0/../../../../arm-vita-eabi/lib\libc.a(lib_a-mallocr.o)
                0x0000000000064534                __malloc_max_total_mem
 .bss.__malloc_top_pad
                0x0000000000064538        0x4 d:/devkitpro/libvita/bin/../lib/gcc/arm-vita-eabi/6.2.0/../../../../arm-vita-eabi/lib\libc.a(lib_a-mallocr.o)
                0x0000000000064538                __malloc_top_pad
 .bss           0x000000000006453c        0x0 d:/devkitpro/libvita/bin/../lib/gcc/arm-vita-eabi/6.2.0/../../../../arm-vita-eabi/lib\libc.a(lib_a-reent.o)
 .bss           0x000000000006453c        0x0 d:/devkitpro/libvita/bin/../lib/gcc/arm-vita-eabi/6.2.0/../../../../arm-vita-eabi/lib\libc.a(lib_a-atexit.o)
 .bss           0x000000000006453c        0x0 d:/devkitpro/libvita/bin/../lib/gcc/arm-vita-eabi/6.2.0/../../../../arm-vita-eabi/lib\libc.a(lib_a-freer.o)
 .bss           0x000000000006453c        0x0 d:/devkitpro/libvita/bin/../lib/gcc/arm-vita-eabi/6.2.0/../../../../arm-vita-eabi/lib\libc.a(lib_a-__atexit.o)
 .bss           0x000000000006453c        0x0 d:/devkitpro/libvita/bin/../lib/gcc/arm-vita-eabi/6.2.0/../../../../arm-vita-eabi/lib\libSceRtc_stub.a(SceRtc_SceRtcUser_sceRtcGetTime_t.o)
 .bss           0x000000000006453c        0x0 d:/devkitpro/libvita/bin/../lib/gcc/arm-vita-eabi/6.2.0/../../../../arm-vita-eabi/lib\libSceSysmem_stub.a(SceSysmem_SceSysmem_sceKernelAllocMemBlock.o)
 .bss           0x000000000006453c        0x0 d:/devkitpro/libvita/bin/../lib/gcc/arm-vita-eabi/6.2.0/../../../../arm-vita-eabi/lib\libSceSysmem_stub.a(SceSysmem_SceSysmem_sceKernelFreeMemBlock.o)
 .bss           0x000000000006453c        0x0 d:/devkitpro/libvita/bin/../lib/gcc/arm-vita-eabi/6.2.0/../../../../arm-vita-eabi/lib\libSceSysmem_stub.a(SceSysmem_SceSysmem_sceKernelGetMemBlockBase.o)
 .bss           0x000000000006453c        0x0 d:/devkitpro/libvita/bin/../lib/gcc/arm-vita-eabi/6.2.0/../../../../arm-vita-eabi/lib\libSceKernelThreadMgr_stub.a(SceKernelThreadMgr_SceThreadmgr_sceKernelDeleteMutex.o)
 .bss           0x000000000006453c        0x0 d:/devkitpro/libvita/bin/../lib/gcc/arm-vita-eabi/6.2.0/../../../../arm-vita-eabi/lib\libSceKernelThreadMgr_stub.a(SceKernelThreadMgr_SceThreadmgr_sceKernelExitDeleteThread.o)
 .bss           0x000000000006453c        0x0 d:/devkitpro/libvita/bin/../lib/gcc/arm-vita-eabi/6.2.0/../../../../arm-vita-eabi/lib\libSceKernelThreadMgr_stub.a(SceKernelThreadMgr_SceThreadmgr_sceKernelGetProcessId.o)
 .bss           0x000000000006453c        0x0 d:/devkitpro/libvita/bin/../lib/gcc/arm-vita-eabi/6.2.0/../../../../arm-vita-eabi/lib\libSceKernelThreadMgr_stub.a(SceKernelThreadMgr_SceThreadmgr_sceKernelUnlockMutex.o)
 .bss           0x000000000006453c        0x0 d:/devkitpro/libvita/bin/../lib/gcc/arm-vita-eabi/6.2.0/../../../../arm-vita-eabi/lib\libSceKernelThreadMgr_stub.a(SceKernelThreadMgr_SceThreadmgr_sceKernelGetThreadTLSAddr.o)
 .bss           0x000000000006453c        0x0 d:/devkitpro/libvita/bin/../lib/gcc/arm-vita-eabi/6.2.0/../../../../arm-vita-eabi/lib\libSceKernelThreadMgr_stub.a(SceKernelThreadMgr_SceThreadmgrCoredumpTime_sceKernelExitThread.o)
 .bss           0x000000000006453c        0x0 d:/devkitpro/libvita/bin/../lib/gcc/arm-vita-eabi/6.2.0/../../../../arm-vita-eabi/lib\libSceIofilemgr_stub.a(SceIofilemgr_SceIofilemgr_sceIoClose.o)
 .bss           0x000000000006453c        0x0 d:/devkitpro/libvita/bin/../lib/gcc/arm-vita-eabi/6.2.0/../../../../arm-vita-eabi/lib\libSceIofilemgr_stub.a(SceIofilemgr_SceIofilemgr_sceIoLseek32.o)
 .bss           0x000000000006453c        0x0 d:/devkitpro/libvita/bin/../lib/gcc/arm-vita-eabi/6.2.0/../../../../arm-vita-eabi/lib\libSceIofilemgr_stub.a(SceIofilemgr_SceIofilemgr_sceIoRead.o)
 .bss           0x000000000006453c        0x0 d:/devkitpro/libvita/bin/../lib/gcc/arm-vita-eabi/6.2.0/../../../../arm-vita-eabi/lib\libSceIofilemgr_stub.a(SceIofilemgr_SceIofilemgr_sceIoWrite.o)
 .bss           0x000000000006453c        0x0 d:/devkitpro/libvita/bin/../lib/gcc/arm-vita-eabi/6.2.0/../../../../arm-vita-eabi/lib\libSceProcessmgr_stub.a(SceProcessmgr_SceProcessmgr_sceKernelLibcGettimeofday.o)
 .bss           0x000000000006453c        0x0 d:/devkitpro/libvita/bin/../lib/gcc/arm-vita-eabi/6.2.0/../../../../arm-vita-eabi/lib\libSceLibKernel_stub.a(SceLibKernel_SceLibKernel_sceClibPrintf.o)
 .bss           0x000000000006453c        0x0 d:/devkitpro/libvita/bin/../lib/gcc/arm-vita-eabi/6.2.0/../../../../arm-vita-eabi/lib\libSceLibKernel_stub.a(SceLibKernel_SceLibKernel_sceIoGetstat.o)
 .bss           0x000000000006453c        0x0 d:/devkitpro/libvita/bin/../lib/gcc/arm-vita-eabi/6.2.0/../../../../arm-vita-eabi/lib\libSceLibKernel_stub.a(SceLibKernel_SceLibKernel_sceIoGetstatByFd.o)
 .bss           0x000000000006453c        0x0 d:/devkitpro/libvita/bin/../lib/gcc/arm-vita-eabi/6.2.0/../../../../arm-vita-eabi/lib\libSceLibKernel_stub.a(SceLibKernel_SceLibKernel_sceIoOpen.o)
 .bss           0x000000000006453c        0x0 d:/devkitpro/libvita/bin/../lib/gcc/arm-vita-eabi/6.2.0/../../../../arm-vita-eabi/lib\libSceLibKernel_stub.a(SceLibKernel_SceLibKernel_sceIoRemove.o)
 .bss           0x000000000006453c        0x0 d:/devkitpro/libvita/bin/../lib/gcc/arm-vita-eabi/6.2.0/../../../../arm-vita-eabi/lib\libSceLibKernel_stub.a(SceLibKernel_SceLibKernel_sceIoRename.o)
 .bss           0x000000000006453c        0x0 d:/devkitpro/libvita/bin/../lib/gcc/arm-vita-eabi/6.2.0/../../../../arm-vita-eabi/lib\libSceLibKernel_stub.a(SceLibKernel_SceLibKernel_sceKernelCreateLwMutex.o)
 .bss           0x000000000006453c        0x0 d:/devkitpro/libvita/bin/../lib/gcc/arm-vita-eabi/6.2.0/../../../../arm-vita-eabi/lib\libSceLibKernel_stub.a(SceLibKernel_SceLibKernel_sceKernelCreateMutex.o)
 .bss           0x000000000006453c        0x0 d:/devkitpro/libvita/bin/../lib/gcc/arm-vita-eabi/6.2.0/../../../../arm-vita-eabi/lib\libSceLibKernel_stub.a(SceLibKernel_SceLibKernel_sceKernelDeleteLwMutex.o)
 .bss           0x000000000006453c        0x0 d:/devkitpro/libvita/bin/../lib/gcc/arm-vita-eabi/6.2.0/../../../../arm-vita-eabi/lib\libSceLibKernel_stub.a(SceLibKernel_SceLibKernel_sceKernelExitProcess.o)
 .bss           0x000000000006453c        0x0 d:/devkitpro/libvita/bin/../lib/gcc/arm-vita-eabi/6.2.0/../../../../arm-vita-eabi/lib\libSceLibKernel_stub.a(SceLibKernel_SceLibKernel_sceKernelGetProcessTimeLow.o)
 .bss           0x000000000006453c        0x0 d:/devkitpro/libvita/bin/../lib/gcc/arm-vita-eabi/6.2.0/../../../../arm-vita-eabi/lib\libSceLibKernel_stub.a(SceLibKernel_SceLibKernel_sceKernelGetTLSAddr.o)
 .bss           0x000000000006453c        0x0 d:/devkitpro/libvita/bin/../lib/gcc/arm-vita-eabi/6.2.0/../../../../arm-vita-eabi/lib\libSceLibKernel_stub.a(SceLibKernel_SceLibKernel_sceKernelGetThreadId.o)
 .bss           0x000000000006453c        0x0 d:/devkitpro/libvita/bin/../lib/gcc/arm-vita-eabi/6.2.0/../../../../arm-vita-eabi/lib\libSceLibKernel_stub.a(SceLibKernel_SceLibKernel_sceKernelGetThreadInfo.o)
 .bss           0x000000000006453c        0x0 d:/devkitpro/libvita/bin/../lib/gcc/arm-vita-eabi/6.2.0/../../../../arm-vita-eabi/lib\libSceLibKernel_stub.a(SceLibKernel_SceLibKernel_sceKernelLockLwMutex.o)
 .bss           0x000000000006453c        0x0 d:/devkitpro/libvita/bin/../lib/gcc/arm-vita-eabi/6.2.0/../../../../arm-vita-eabi/lib\libSceLibKernel_stub.a(SceLibKernel_SceLibKernel_sceKernelLockMutex.o)
 .bss           0x000000000006453c        0x0 d:/devkitpro/libvita/bin/../lib/gcc/arm-vita-eabi/6.2.0/../../../../arm-vita-eabi/lib\libSceLibKernel_stub.a(SceLibKernel_SceLibKernel_sceKernelUnlockLwMutex.o)
 .bss           0x000000000006453c        0x0 d:/devkitpro/libvita/bin/../lib/gcc/arm-vita-eabi/6.2.0/crtend.o
 .bss           0x000000000006453c        0x0 d:/devkitpro/libvita/bin/../lib/gcc/arm-vita-eabi/6.2.0/crtn.o
 *(COMMON)
 *fill*         0x000000000006453c        0x4 
 COMMON         0x0000000000064540     0x1020 d:/devkitpro/libvita/bin/../lib/gcc/arm-vita-eabi/6.2.0/../../../../arm-vita-eabi/lib\libc.a(lib_a-io.o)
                0x0000000000064540                _newlib_fd_mutex
                0x0000000000064560                __vita_fdmap
                0x0000000000064960                __vita_fdmap_pool
                0x0000000000065560                . = ALIGN ((. != 0x0)?0x4:0x1)
                0x0000000000065560                _bss_end__ = .
                0x0000000000065560                __bss_end__ = .
                0x0000000000065560                . = ALIGN (0x4)
                0x0000000000065560                . = SEGMENT_START ("ldata-segment", .)
                0x0000000000065560                . = ALIGN (0x4)
                0x0000000000065560                __end__ = .
                0x0000000000065560                _end = .
                [!provide]                        PROVIDE (end, .)

.stab
 *(.stab)

.stabstr
 *(.stabstr)

.stab.excl
 *(.stab.excl)

.stab.exclstr
 *(.stab.exclstr)

.stab.index
 *(.stab.index)

.stab.indexstr
 *(.stab.indexstr)

.comment        0x0000000000000000       0x33
 *(.comment)
 .comment       0x0000000000000000       0x33 C:\Users\clank\AppData\Local\Temp\ccsYGwQ4.o
                                         0x34 (size before relaxing)

.debug
 *(.debug)

.line
 *(.line)

.debug_srcinfo
 *(.debug_srcinfo)

.debug_sfnames
 *(.debug_sfnames)

.debug_aranges
 *(.debug_aranges)

.debug_pubnames
 *(.debug_pubnames)

.debug_info
 *(.debug_info .gnu.linkonce.wi.*)

.debug_abbrev
 *(.debug_abbrev)

.debug_line
 *(.debug_line .debug_line.* .debug_line_end)

.debug_frame    0x0000000000000000      0xd9c
 *(.debug_frame)
 .debug_frame   0x0000000000000000       0x70 d:/devkitpro/libvita/bin/../lib/gcc/arm-vita-eabi/6.2.0/../../../../arm-vita-eabi/lib/crt0.o
 .debug_frame   0x0000000000000070      0x30c d:/devkitpro/libvita/bin/../lib/gcc/arm-vita-eabi/6.2.0\libgcc.a(unwind-arm.o)
 .debug_frame   0x000000000000037c      0x104 d:/devkitpro/libvita/bin/../lib/gcc/arm-vita-eabi/6.2.0\libgcc.a(pr-support.o)
 .debug_frame   0x0000000000000480       0x28 d:/devkitpro/libvita/bin/../lib/gcc/arm-vita-eabi/6.2.0/../../../../arm-vita-eabi/lib\libc.a(lib_a-abort.o)
 .debug_frame   0x00000000000004a8       0x28 d:/devkitpro/libvita/bin/../lib/gcc/arm-vita-eabi/6.2.0/../../../../arm-vita-eabi/lib\libc.a(lib_a-exit.o)
 .debug_frame   0x00000000000004d0       0x2c d:/devkitpro/libvita/bin/../lib/gcc/arm-vita-eabi/6.2.0/../../../../arm-vita-eabi/lib\libc.a(lib_a-init.o)
 .debug_frame   0x00000000000004fc       0xfc d:/devkitpro/libvita/bin/../lib/gcc/arm-vita-eabi/6.2.0/../../../../arm-vita-eabi/lib\libc.a(lib_a-io.o)
 .debug_frame   0x00000000000005f8       0x34 d:/devkitpro/libvita/bin/../lib/gcc/arm-vita-eabi/6.2.0/../../../../arm-vita-eabi/lib\libc.a(lib_a-memset.o)
 .debug_frame   0x000000000000062c       0x5c d:/devkitpro/libvita/bin/../lib/gcc/arm-vita-eabi/6.2.0/../../../../arm-vita-eabi/lib\libc.a(lib_a-mlock.o)
 .debug_frame   0x0000000000000688       0x70 d:/devkitpro/libvita/bin/../lib/gcc/arm-vita-eabi/6.2.0/../../../../arm-vita-eabi/lib\libc.a(lib_a-sbrk.o)
 .debug_frame   0x00000000000006f8      0x12c d:/devkitpro/libvita/bin/../lib/gcc/arm-vita-eabi/6.2.0/../../../../arm-vita-eabi/lib\libc.a(lib_a-signal.o)
 .debug_frame   0x0000000000000824      0x234 d:/devkitpro/libvita/bin/../lib/gcc/arm-vita-eabi/6.2.0/../../../../arm-vita-eabi/lib\libc.a(lib_a-syscalls.o)
 .debug_frame   0x0000000000000a58      0x148 d:/devkitpro/libvita/bin/../lib/gcc/arm-vita-eabi/6.2.0/../../../../arm-vita-eabi/lib\libc.a(lib_a-threading.o)
 .debug_frame   0x0000000000000ba0       0x50 d:/devkitpro/libvita/bin/../lib/gcc/arm-vita-eabi/6.2.0/../../../../arm-vita-eabi/lib\libc.a(lib_a-__call_atexit.o)
 .debug_frame   0x0000000000000bf0       0x34 d:/devkitpro/libvita/bin/../lib/gcc/arm-vita-eabi/6.2.0/../../../../arm-vita-eabi/lib\libc.a(lib_a-fini.o)
 .debug_frame   0x0000000000000c24       0x58 d:/devkitpro/libvita/bin/../lib/gcc/arm-vita-eabi/6.2.0/../../../../arm-vita-eabi/lib\libc.a(lib_a-mallocr.o)
 .debug_frame   0x0000000000000c7c       0x58 d:/devkitpro/libvita/bin/../lib/gcc/arm-vita-eabi/6.2.0/../../../../arm-vita-eabi/lib\libc.a(lib_a-reent.o)
 .debug_frame   0x0000000000000cd4       0x20 d:/devkitpro/libvita/bin/../lib/gcc/arm-vita-eabi/6.2.0/../../../../arm-vita-eabi/lib\libc.a(lib_a-atexit.o)
 .debug_frame   0x0000000000000cf4       0x74 d:/devkitpro/libvita/bin/../lib/gcc/arm-vita-eabi/6.2.0/../../../../arm-vita-eabi/lib\libc.a(lib_a-freer.o)
 .debug_frame   0x0000000000000d68       0x34 d:/devkitpro/libvita/bin/../lib/gcc/arm-vita-eabi/6.2.0/../../../../arm-vita-eabi/lib\libc.a(lib_a-__atexit.o)

.debug_str
 *(.debug_str)

.debug_loc
 *(.debug_loc)

.debug_macinfo
 *(.debug_macinfo)

.debug_weaknames
 *(.debug_weaknames)

.debug_funcnames
 *(.debug_funcnames)

.debug_typenames
 *(.debug_typenames)

.debug_varnames
 *(.debug_varnames)

.debug_pubtypes
 *(.debug_pubtypes)

.debug_ranges
 *(.debug_ranges)

.debug_macro
 *(.debug_macro)

.stack          0x0000000000080000        0x0
                0x0000000000080000                _stack = .
 *(.stack)

.ARM.attributes
                0x0000000000000000       0x31
 *(.ARM.attributes)
 .ARM.attributes
                0x0000000000000000       0x23 d:/devkitpro/libvita/bin/../lib/gcc/arm-vita-eabi/6.2.0/crti.o
 .ARM.attributes
                0x0000000000000023       0x35 d:/devkitpro/libvita/bin/../lib/gcc/arm-vita-eabi/6.2.0/crtbegin.o
 .ARM.attributes
                0x0000000000000058       0x35 d:/devkitpro/libvita/bin/../lib/gcc/arm-vita-eabi/6.2.0/../../../../arm-vita-eabi/lib/crt0.o
 .ARM.attributes
                0x000000000000008d       0x35 C:\Users\clank\AppData\Local\Temp\ccsYGwQ4.o
 .ARM.attributes
                0x00000000000000c2       0x1c d:/devkitpro/libvita/bin/../lib/gcc/arm-vita-eabi/6.2.0/../../../../arm-vita-eabi/lib\libScePower_stub.a(ScePower_ScePower_scePowerRequestColdReset.o)
 .ARM.attributes
                0x00000000000000de       0x35 d:/devkitpro/libvita/bin/../lib/gcc/arm-vita-eabi/6.2.0\libgcc.a(unwind-arm.o)
 .ARM.attributes
                0x0000000000000113       0x23 d:/devkitpro/libvita/bin/../lib/gcc/arm-vita-eabi/6.2.0\libgcc.a(libunwind.o)
 .ARM.attributes
                0x0000000000000136       0x35 d:/devkitpro/libvita/bin/../lib/gcc/arm-vita-eabi/6.2.0\libgcc.a(pr-support.o)
 .ARM.attributes
                0x000000000000016b       0x35 d:/devkitpro/libvita/bin/../lib/gcc/arm-vita-eabi/6.2.0/../../../../arm-vita-eabi/lib\libc.a(lib_a-abort.o)
 .ARM.attributes
                0x00000000000001a0       0x35 d:/devkitpro/libvita/bin/../lib/gcc/arm-vita-eabi/6.2.0/../../../../arm-vita-eabi/lib\libc.a(lib_a-exit.o)
 .ARM.attributes
                0x00000000000001d5       0x35 d:/devkitpro/libvita/bin/../lib/gcc/arm-vita-eabi/6.2.0/../../../../arm-vita-eabi/lib\libc.a(lib_a-impure.o)
 .ARM.attributes
                0x000000000000020a       0x35 d:/devkitpro/libvita/bin/../lib/gcc/arm-vita-eabi/6.2.0/../../../../arm-vita-eabi/lib\libc.a(lib_a-init.o)
 .ARM.attributes
                0x000000000000023f       0x35 d:/devkitpro/libvita/bin/../lib/gcc/arm-vita-eabi/6.2.0/../../../../arm-vita-eabi/lib\libc.a(lib_a-io.o)
 .ARM.attributes
                0x0000000000000274       0x21 d:/devkitpro/libvita/bin/../lib/gcc/arm-vita-eabi/6.2.0/../../../../arm-vita-eabi/lib\libc.a(lib_a-memcpy.o)
 .ARM.attributes
                0x0000000000000295       0x35 d:/devkitpro/libvita/bin/../lib/gcc/arm-vita-eabi/6.2.0/../../../../arm-vita-eabi/lib\libc.a(lib_a-memset.o)
 .ARM.attributes
                0x00000000000002ca       0x35 d:/devkitpro/libvita/bin/../lib/gcc/arm-vita-eabi/6.2.0/../../../../arm-vita-eabi/lib\libc.a(lib_a-mlock.o)
 .ARM.attributes
                0x00000000000002ff       0x35 d:/devkitpro/libvita/bin/../lib/gcc/arm-vita-eabi/6.2.0/../../../../arm-vita-eabi/lib\libc.a(lib_a-sbrk.o)
 .ARM.attributes
                0x0000000000000334       0x35 d:/devkitpro/libvita/bin/../lib/gcc/arm-vita-eabi/6.2.0/../../../../arm-vita-eabi/lib\libc.a(lib_a-signal.o)
 .ARM.attributes
                0x0000000000000369       0x21 d:/devkitpro/libvita/bin/../lib/gcc/arm-vita-eabi/6.2.0/../../../../arm-vita-eabi/lib\libc.a(lib_a-strlen-armv7.o)
 .ARM.attributes
                0x000000000000038a       0x35 d:/devkitpro/libvita/bin/../lib/gcc/arm-vita-eabi/6.2.0/../../../../arm-vita-eabi/lib\libc.a(lib_a-syscalls.o)
 .ARM.attributes
                0x00000000000003bf       0x35 d:/devkitpro/libvita/bin/../lib/gcc/arm-vita-eabi/6.2.0/../../../../arm-vita-eabi/lib\libc.a(lib_a-threading.o)
 .ARM.attributes
                0x00000000000003f4       0x35 d:/devkitpro/libvita/bin/../lib/gcc/arm-vita-eabi/6.2.0/../../../../arm-vita-eabi/lib\libc.a(lib_a-__call_atexit.o)
 .ARM.attributes
                0x0000000000000429       0x35 d:/devkitpro/libvita/bin/../lib/gcc/arm-vita-eabi/6.2.0/../../../../arm-vita-eabi/lib\libc.a(lib_a-fini.o)
 .ARM.attributes
                0x000000000000045e       0x35 d:/devkitpro/libvita/bin/../lib/gcc/arm-vita-eabi/6.2.0/../../../../arm-vita-eabi/lib\libc.a(lib_a-mallocr.o)
 .ARM.attributes
                0x0000000000000493       0x35 d:/devkitpro/libvita/bin/../lib/gcc/arm-vita-eabi/6.2.0/../../../../arm-vita-eabi/lib\libc.a(lib_a-reent.o)
 .ARM.attributes
                0x00000000000004c8       0x35 d:/devkitpro/libvita/bin/../lib/gcc/arm-vita-eabi/6.2.0/../../../../arm-vita-eabi/lib\libc.a(lib_a-atexit.o)
 .ARM.attributes
                0x00000000000004fd       0x35 d:/devkitpro/libvita/bin/../lib/gcc/arm-vita-eabi/6.2.0/../../../../arm-vita-eabi/lib\libc.a(lib_a-freer.o)
 .ARM.attributes
                0x0000000000000532       0x35 d:/devkitpro/libvita/bin/../lib/gcc/arm-vita-eabi/6.2.0/../../../../arm-vita-eabi/lib\libc.a(lib_a-__atexit.o)
 .ARM.attributes
                0x0000000000000567       0x1c d:/devkitpro/libvita/bin/../lib/gcc/arm-vita-eabi/6.2.0/../../../../arm-vita-eabi/lib\libSceRtc_stub.a(SceRtc_SceRtcUser_sceRtcGetTime_t.o)
 .ARM.attributes
                0x0000000000000583       0x1c d:/devkitpro/libvita/bin/../lib/gcc/arm-vita-eabi/6.2.0/../../../../arm-vita-eabi/lib\libSceSysmem_stub.a(SceSysmem_SceSysmem_sceKernelAllocMemBlock.o)
 .ARM.attributes
                0x000000000000059f       0x1c d:/devkitpro/libvita/bin/../lib/gcc/arm-vita-eabi/6.2.0/../../../../arm-vita-eabi/lib\libSceSysmem_stub.a(SceSysmem_SceSysmem_sceKernelFreeMemBlock.o)
 .ARM.attributes
                0x00000000000005bb       0x1c d:/devkitpro/libvita/bin/../lib/gcc/arm-vita-eabi/6.2.0/../../../../arm-vita-eabi/lib\libSceSysmem_stub.a(SceSysmem_SceSysmem_sceKernelGetMemBlockBase.o)
 .ARM.attributes
                0x00000000000005d7       0x1c d:/devkitpro/libvita/bin/../lib/gcc/arm-vita-eabi/6.2.0/../../../../arm-vita-eabi/lib\libSceKernelThreadMgr_stub.a(SceKernelThreadMgr_SceThreadmgr_sceKernelDeleteMutex.o)
 .ARM.attributes
                0x00000000000005f3       0x1c d:/devkitpro/libvita/bin/../lib/gcc/arm-vita-eabi/6.2.0/../../../../arm-vita-eabi/lib\libSceKernelThreadMgr_stub.a(SceKernelThreadMgr_SceThreadmgr_sceKernelExitDeleteThread.o)
 .ARM.attributes
                0x000000000000060f       0x1c d:/devkitpro/libvita/bin/../lib/gcc/arm-vita-eabi/6.2.0/../../../../arm-vita-eabi/lib\libSceKernelThreadMgr_stub.a(SceKernelThreadMgr_SceThreadmgr_sceKernelGetProcessId.o)
 .ARM.attributes
                0x000000000000062b       0x1c d:/devkitpro/libvita/bin/../lib/gcc/arm-vita-eabi/6.2.0/../../../../arm-vita-eabi/lib\libSceKernelThreadMgr_stub.a(SceKernelThreadMgr_SceThreadmgr_sceKernelUnlockMutex.o)
 .ARM.attributes
                0x0000000000000647       0x1c d:/devkitpro/libvita/bin/../lib/gcc/arm-vita-eabi/6.2.0/../../../../arm-vita-eabi/lib\libSceKernelThreadMgr_stub.a(SceKernelThreadMgr_SceThreadmgr_sceKernelGetThreadTLSAddr.o)
 .ARM.attributes
                0x0000000000000663       0x1c d:/devkitpro/libvita/bin/../lib/gcc/arm-vita-eabi/6.2.0/../../../../arm-vita-eabi/lib\libSceKernelThreadMgr_stub.a(SceKernelThreadMgr_SceThreadmgrCoredumpTime_sceKernelExitThread.o)
 .ARM.attributes
                0x000000000000067f       0x1c d:/devkitpro/libvita/bin/../lib/gcc/arm-vita-eabi/6.2.0/../../../../arm-vita-eabi/lib\libSceIofilemgr_stub.a(SceIofilemgr_SceIofilemgr_sceIoClose.o)
 .ARM.attributes
                0x000000000000069b       0x1c d:/devkitpro/libvita/bin/../lib/gcc/arm-vita-eabi/6.2.0/../../../../arm-vita-eabi/lib\libSceIofilemgr_stub.a(SceIofilemgr_SceIofilemgr_sceIoLseek32.o)
 .ARM.attributes
                0x00000000000006b7       0x1c d:/devkitpro/libvita/bin/../lib/gcc/arm-vita-eabi/6.2.0/../../../../arm-vita-eabi/lib\libSceIofilemgr_stub.a(SceIofilemgr_SceIofilemgr_sceIoRead.o)
 .ARM.attributes
                0x00000000000006d3       0x1c d:/devkitpro/libvita/bin/../lib/gcc/arm-vita-eabi/6.2.0/../../../../arm-vita-eabi/lib\libSceIofilemgr_stub.a(SceIofilemgr_SceIofilemgr_sceIoWrite.o)
 .ARM.attributes
                0x00000000000006ef       0x1c d:/devkitpro/libvita/bin/../lib/gcc/arm-vita-eabi/6.2.0/../../../../arm-vita-eabi/lib\libSceProcessmgr_stub.a(SceProcessmgr_SceProcessmgr_sceKernelLibcGettimeofday.o)
 .ARM.attributes